 DttSP

 Timestamp is 61a90751 (Thu Dec  2 19:50:09 2021)

 Preferred load address is 10000000

 Start         Length     Name                   Class
 0001:00000000 0006cb6aH .text$mn                CODE
 0001:0006cb6a 000001b0H .text$x                 CODE
 0002:00000000 000001a8H .idata$5                DATA
 0002:000001a8 00000008H .00cfg                  DATA
 0002:000001b0 00000004H .CRT$XCA                DATA
 0002:000001b4 00000004H .CRT$XCZ                DATA
 0002:000001b8 00000004H .CRT$XIA                DATA
 0002:000001bc 00000014H .CRT$XIC                DATA
 0002:000001d0 00000004H .CRT$XIZ                DATA
 0002:000001d4 00000004H .CRT$XPA                DATA
 0002:000001d8 00000008H .CRT$XPX                DATA
 0002:000001e0 00000004H .CRT$XPXA               DATA
 0002:000001e4 00000004H .CRT$XPZ                DATA
 0002:000001e8 00000004H .CRT$XTA                DATA
 0002:000001ec 00000004H .CRT$XTZ                DATA
 0002:000001f0 00000000H .gfids$y                DATA
 0002:000001f0 00010650H .rdata                  DATA
 0002:00010840 00000004H .rdata$CastGuardVftablesA DATA
 0002:00010844 00000004H .rdata$CastGuardVftablesC DATA
 0002:00010848 000002a0H .rdata$r                DATA
 0002:00010ae8 00000050H .rdata$sxdata           DATA
 0002:00010b38 000003bcH .rdata$voltmd           DATA
 0002:00010ef4 00000374H .rdata$zzzdbg           DATA
 0002:00011268 00000004H .rtc$IAA                DATA
 0002:0001126c 00000004H .rtc$IZZ                DATA
 0002:00011270 00000004H .rtc$TAA                DATA
 0002:00011274 00000004H .rtc$TZZ                DATA
 0002:00011278 00000db8H .xdata$x                DATA
 0002:00012030 00001044H .edata                  DATA
 0002:00013074 00000050H .idata$2                DATA
 0002:000130c4 00000014H .idata$3                DATA
 0002:000130d8 000001a8H .idata$4                DATA
 0002:00013280 000007c8H .idata$6                DATA
 0003:00000000 000011d0H .data                   DATA
 0003:000011d0 00000058H .data$r                 DATA
 0003:00001228 000000b8H .data$rs                DATA
 0003:000012e0 0003eda8H .bss                    DATA
 0004:00000000 000000a0H .rsrc$01                DATA
 0004:000000a0 00000498H .rsrc$02                DATA

  Address         Publics by Value              Rva+Base       Lib:Object

 0000:00000000       ___guard_eh_cont_table     00000000     <absolute>
 0000:00000000       ___arm64x_redirection_metadata 00000000     <absolute>
 0000:00000000       ___arm64x_extra_rfe_table  00000000     <absolute>
 0000:00000000       __except_list              00000000     <absolute>
 0000:00000000       ___guard_longjmp_table     00000000     <absolute>
 0000:00000000       ___hybrid_code_map_count   00000000     <absolute>
 0000:00000000       ___hybrid_code_map         00000000     <absolute>
 0000:00000000       ___guard_iat_count         00000000     <absolute>
 0000:00000000       ___guard_longjmp_count     00000000     <absolute>
 0000:00000000       ___hybrid_auxiliary_iat    00000000     <absolute>
 0000:00000000       ___arm64x_extra_rfe_table_size 00000000     <absolute>
 0000:00000000       ___x64_code_ranges_to_entry_points 00000000     <absolute>
 0000:00000000       ___x64_code_ranges_to_entry_points_count 00000000     <absolute>
 0000:00000000       ___AbsoluteZero            00000000     <absolute>
 0000:00000000       ___guard_fids_table        00000000     <absolute>
 0000:00000000       ___arm64x_redirection_metadata_count 00000000     <absolute>
 0000:00000000       ___guard_fids_count        00000000     <absolute>
 0000:00000000       ___arm64x_native_entrypoint 00000000     <absolute>
 0000:00000000       ___guard_iat_table         00000000     <absolute>
 0000:00000000       ___guard_check_icall_a64n_fptr 00000000     <absolute>
 0000:00000000       ___hybrid_auxiliary_iat_copy 00000000     <absolute>
 0000:00000000       ___guard_eh_cont_count     00000000     <absolute>
 0000:00000000       ___dynamic_value_reloc_table 00000000     <absolute>
 0000:00000000       ___enclave_config          00000000     <absolute>
 0000:00000014       ___safe_se_handler_count   00000014     <absolute>
 0000:00000100       ___guard_flags             00000100     <absolute>
 0000:00000000       ___ImageBase               10000000     <linker-defined>
 0001:00000000       _AMDemod                   10001000 f   am_demod.obj
 0001:000002c0       _newAMD                    100012c0 f   am_demod.obj
 0001:000003b0       _delAMD                    100013b0 f   am_demod.obj
 0001:000003e0       _nilfunc                   100013e0 f   banal.obj
 0001:000003f0       _popcnt                    100013f0 f   banal.obj
 0001:00000460       _npoof2                    10001460 f   banal.obj
 0001:00000480       _nblock2                   10001480 f   banal.obj
 0001:000004a0       _in_blocks                 100014a0 f   banal.obj
 0001:000004e0       _efopen                    100014e0 f   banal.obj
 0001:00000520       _efreopen                  10001520 f   banal.obj
 0001:00000560       _filesize                  10001560 f   banal.obj
 0001:000005a0       _fdsize                    100015a0 f   banal.obj
 0001:000005e0       _now_tv                    100015e0 f   banal.obj
 0001:00000630       _diff_tv                   10001630 f   banal.obj
 0001:00000670       _sum_tv                    10001670 f   banal.obj
 0001:000006a0       _fmt_tv                    100016a0 f   banal.obj
 0001:000006d0       _since                     100016d0 f   banal.obj
 0001:00000770       _hinterp_vec               10001770 f   banal.obj
 0001:00000810       _status_message            10001810 f   banal.obj
 0001:00000840       _find_rcfile               10001840 f   banal.obj
 0001:000008f0       _hash                      100018f0 f   banal.obj
 0001:00000920       _gcd                       10001920 f   banal.obj
 0001:00000940       _least_common_mul          10001940 f   banal.obj
 0001:000009b0       ___local_stdio_printf_options 100019b0 f i banal.obj
 0001:000009c0       __snprintf                 100019c0 f i banal.obj
 0001:00000a00       _fprintf                   10001a00 f i banal.obj
 0001:00000a30       _sprintf                   10001a30 f i banal.obj
 0001:00000a70       _sqr                       10001a70 f i banal.obj
 0001:00000a80       _safealloc                 10001a80 f   bufvec.obj
 0001:00000ae0       _safefree                  10001ae0 f   bufvec.obj
 0001:00000b00       _safememcurrcount          10001b00 f   bufvec.obj
 0001:00000b10       _safememreset              10001b10 f   bufvec.obj
 0001:00000b20       _newvec_REAL               10001b20 f   bufvec.obj
 0001:00000b90       _newvec_REAL_16            10001b90 f   bufvec.obj
 0001:00000c00       _delvec_REAL               10001c00 f   bufvec.obj
 0001:00000c20       _newvec_IMAG               10001c20 f   bufvec.obj
 0001:00000c90       _delvec_IMAG               10001c90 f   bufvec.obj
 0001:00000cb0       _newvec_COMPLEX            10001cb0 f   bufvec.obj
 0001:00000d20       _delvec_COMPLEX            10001d20 f   bufvec.obj
 0001:00000d40       _newvec_COMPLEX_16         10001d40 f   bufvec.obj
 0001:00000dc0       _delvec_COMPLEX_16         10001dc0 f   bufvec.obj
 0001:00000dd0       _dump_REAL                 10001dd0 f   bufvec.obj
 0001:00000e40       _dump_IMAG                 10001e40 f   bufvec.obj
 0001:00000eb0       _dump_CX                   10001eb0 f   bufvec.obj
 0001:00000f30       _newCXB                    10001f30 f   bufvec.obj
 0001:00001010       _delCXB                    10002010 f   bufvec.obj
 0001:00001040       _newRLB                    10002040 f   bufvec.obj
 0001:00001120       _delRLB                    10002120 f   bufvec.obj
 0001:00001150       _normalize_vec_REAL        10002150 f   bufvec.obj
 0001:00001280       _normalize_vec_COMPLEX     10002280 f   bufvec.obj
 0001:000013d0       _safealloc16               100023d0 f   bufvec.obj
 0001:00001440       _newCorrectIQ              10002440 f   correctIQ.obj
 0001:000014e0       _delCorrectIQ              100024e0 f   correctIQ.obj
 0001:00001510       _correctIQ                 10002510 f   correctIQ.obj
 0001:00001700       _newCWToneGen              10002700 f   cwtones.obj
 0001:000017a0       _delCWToneGen              100027a0 f   cwtones.obj
 0001:000017d0       _setCWToneGenVals          100027d0 f   cwtones.obj
 0001:00001800       _CWToneOn                  10002800 f   cwtones.obj
 0001:00001910       _CWToneOff                 10002910 f   cwtones.obj
 0001:00001920       _CWTone                    10002920 f   cwtones.obj
 0001:00001b60       _CWComplexOSC              10002b60 f   cwtones.obj
 0001:00001c50       _DCBlock                   10002c50 f   dcblock.obj
 0001:00002230       _resetDCBlocker            10003230 f   dcblock.obj
 0001:00002260       _newDCBlocker              10003260 f   dcblock.obj
 0001:000022c0       _delDCBlocker              100032c0 f   dcblock.obj
 0001:000022e0       _DttSPAgc                  100032e0 f   dttspagc.obj
 0001:00002600       _newDttSPAgc               10003600 f   dttspagc.obj
 0001:00002860       _delDttSPAgc               10003860 f   dttspagc.obj
 0001:00002890       _DttSPAgc_flushbuf         10003890 f   dttspagc.obj
 0001:000028c0       _new_IIR_LPF_2P            100038c0 f   filt2p2z.obj
 0001:00002930       _del_IIR_LPF_2P            10003930 f   filt2p2z.obj
 0001:00002950       _do_IIR_LPF_2P             10003950 f   filt2p2z.obj
 0001:000029e0       _new_IIR_BPF_2P            100039e0 f   filt2p2z.obj
 0001:00002a60       _del_IIR_BPF_2P            10003a60 f   filt2p2z.obj
 0001:00002a80       _do_IIR_BPF_2P             10003a80 f   filt2p2z.obj
 0001:00002b30       _new_IIR_HPF_2P            10003b30 f   filt2p2z.obj
 0001:00002bc0       _del_IIR_HPF_2P            10003bc0 f   filt2p2z.obj
 0001:00002be0       _do_IIR_HPF_2P             10003be0 f   filt2p2z.obj
 0001:00002cb0       _new_IIR_2P2Z              10003cb0 f   filt2p2z.obj
 0001:000030c0       _del_IIR_2P2Z              100040c0 f   filt2p2z.obj
 0001:000030e0       _do_IIR_2P2Z               100040e0 f   filt2p2z.obj
 0001:000031f0       _new_IIR_1P1Z              100041f0 f   filt2p2z.obj
 0001:000032c0       _del_IIR_1P1Z              100042c0 f   filt2p2z.obj
 0001:000032e0       _do_IIR_1P1Z               100042e0 f   filt2p2z.obj
 0001:00003340       _newFIR_REAL               10004340 f   filter.obj
 0001:00003390       _newFIR_COMPLEX            10004390 f   filter.obj
 0001:000033e0       _delFIR_REAL               100043e0 f   filter.obj
 0001:00003400       _delFIR_COMPLEX            10004400 f   filter.obj
 0001:00003420       _newFIR_Lowpass_REAL       10004420 f   filter.obj
 0001:00003570       _newFIR_Lowpass_COMPLEX    10004570 f   filter.obj
 0001:000036c0       _newFIR_Bandpass_REAL      100046c0 f   filter.obj
 0001:00003890       _newFIR_Bandpass_COMPLEX   10004890 f   filter.obj
 0001:00003a90       _newFIR_Highpass_REAL      10004a90 f   filter.obj
 0001:00003cc0       _newFIR_Highpass_COMPLEX   10004cc0 f   filter.obj
 0001:00003e60       _newFIR_Hilbert_REAL       10004e60 f   filter.obj
 0001:00004040       _newFIR_Hilbert_COMPLEX    10005040 f   filter.obj
 0001:00004210       _newFIR_Bandstop_REAL      10005210 f   filter.obj
 0001:000044e0       _newFIR_Bandstop_COMPLEX   100054e0 f   filter.obj
 0001:00004760       _newFIRPFBChannelizer      10005760 f   filterbank.obj
 0001:000048d0       _newFIRHBPFBChannelizer    100058d0 f   filterbank.obj
 0001:00004a20       _delFIRDownsampler         10005a20 f   filterbank.obj
 0001:00004a70       _doFIRPFBChannelizer       10005a70 f   filterbank.obj
 0001:00004b70       _newFIRPDownsampler        10005b70 f   filterbank.obj
 0001:00004d60       _newFIRPUpsampler          10005d60 f   filterbank.obj
 0001:00004f50       _delFIRPB                  10005f50 f   filterbank.obj
 0001:00004fb0       _doFIRPFBUpsampler         10005fb0 f   filterbank.obj
 0001:000050b0       _doFIRPFBdownsampler       100060b0 f   filterbank.obj
 0001:000051d0       _delFIRUpsample            100061d0 f   filterbank.obj
 0001:00005220       _FMDemod                   10006220 f   fm_demod.obj
 0001:00005660       _newFMD                    10006660 f   fm_demod.obj
 0001:000059d0       _delFMD                    100069d0 f   fm_demod.obj
 0001:00005a50       _new_EQ                    10006a50 f   graphiceq.obj
 0001:00005c10       _graphiceq                 10006c10 f   graphiceq.obj
 0001:00005f60       _delEQ                     10006f60 f   graphiceq.obj
 0001:00005f90       _newHilbert                10006f90 f   hilbert.obj
 0001:00006290       _newHilbertsim             10007290 f   hilbert.obj
 0001:000062f0       _delHilbert                100072f0 f   hilbert.obj
 0001:00006330       _delHilsim                 10007330 f   hilbert.obj
 0001:00006360       _hilbert_transform         10007360 f   hilbert.obj
 0001:00006580       _hilsim_transform          10007580 f   hilbert.obj
 0001:000066a0       _ISOband_get_nominal       100076a0 f   isoband.obj
 0001:000066e0       _ISOband_get_exact         100076e0 f   isoband.obj
 0001:00006720       _ISOband_get_low           10007720 f   isoband.obj
 0001:00006760       _ISOband_get_high          10007760 f   isoband.obj
 0001:000067a0       _CWtoneExchange            100077a0 f   keyd.obj
 0001:00006940       _send_tone                 10007940 f   keyd.obj
 0001:00006a10       _send_silence              10007a10 f   keyd.obj
 0001:00006aa0       _timer_callback@20         10007aa0 f   keyd.obj
 0001:00006ab0       _sound_thread_keyd         10007ab0 f   keyd.obj
 0001:00006c70       _read_key                  10007c70 f   keyd.obj
 0001:00006d20       _SetWhichKey               10007d20 f   keyd.obj
 0001:00006d30       _key_thread_process        10007d30 f   keyd.obj
 0001:00006eb0       _KeyerPlaying              10007eb0 f   keyd.obj
 0001:00006f00       _SetKeyerBug               10007f00 f   keyd.obj
 0001:00006f70       _SetKeyerSpeed             10007f70 f   keyd.obj
 0001:00006fb0       _SetKeyerWeight            10007fb0 f   keyd.obj
 0001:00006fe0       _SetKeyerIambic            10007fe0 f   keyd.obj
 0001:00007050       _SetKeyerAutoSpace         10008050 f   keyd.obj
 0001:00007080       _SetKeyerModeBStrict       10008080 f   keyd.obj
 0001:000070b0       _SetKeyerFreq              100080b0 f   keyd.obj
 0001:00007120       _SetKeyerHarmonicRemove    10008120 f   keyd.obj
 0001:00007170       _SetKeyerGain              10008170 f   keyd.obj
 0001:00007210       _SetKeyerRamp              10008210 f   keyd.obj
 0001:00007280       _SetKeyerMode              10008280 f   keyd.obj
 0001:000072f0       _SetKeyerDeBounce          100082f0 f   keyd.obj
 0001:00007320       _SetKeyerRevPdl            10008320 f   keyd.obj
 0001:00007350       _NewKeyer                  10008350 f   keyd.obj
 0001:00007510       _NewCriticalSection        10008510 f   keyd.obj
 0001:00007530       _DestroyCriticalSection    10008530 f   keyd.obj
 0001:00007540       _CWRingRestart             10008540 f   keyd.obj
 0001:00007550       _StartKeyer                10008550 f   keyd.obj
 0001:000075b0       _StopKeyer                 100085b0 f   keyd.obj
 0001:000075f0       _KeyerRunning              100085f0 f   keyd.obj
 0001:00007600       _DeleteKeyer               10008600 f   keyd.obj
 0001:000076f0       _KeyerClockFireWait        100086f0 f   keyd.obj
 0001:00007700       _KeyerClockFireRelease     10008700 f   keyd.obj
 0001:00007710       _KeyerStartedWait          10008710 f   keyd.obj
 0001:00007720       _KeyerStartedRelease       10008720 f   keyd.obj
 0001:00007730       _PollTimerWait             10008730 f   keyd.obj
 0001:00007740       _PollTimerRelease          10008740 f   keyd.obj
 0001:00007750       _SetKeyerResetSize         10008750 f   keyd.obj
 0001:00007770       _SetKeyerSampleRate        10008770 f   keyd.obj
 0001:00007800       _newKeyerState             10008800 f   keyer.obj
 0001:00007820       _delKeyerState             10008820 f   keyer.obj
 0001:00007830       _newKeyerLogic             10008830 f   keyer.obj
 0001:00007850       _delKeyerLogic             10008850 f   keyer.obj
 0001:00007860       _klogic                    10008860 f   keyer.obj
 0001:00008150       _read_straight_key         10009150 f   keyerio.obj
 0001:00008280       _read_iambic_key           10009280 f   keyerio.obj
 0001:000083d0       _new_lmsr                  100093d0 f   lmadf.obj
 0001:00008470       _del_lmsr                  10009470 f   lmadf.obj
 0001:000084a0       _lmsr_adapt                100094a0 f   lmadf.obj
 0001:000086a0       _new_blms                  100096a0 f   lmadf.obj
 0001:00008800       _blms_adapt                10009800 f   lmadf.obj
 0001:00008cc0       _del_blms                  10009cc0 f   lmadf.obj
 0001:00008d50       _dump_filter               10009d50 f   lmadf.obj
 0001:00008dc0       _dump_delay                10009dc0 f   lmadf.obj
 0001:00008e30       _malloc16Align             10009e30 f   malloc16.obj
 0001:00008e60       _calloc16Align             10009e60 f   malloc16.obj
 0001:00008ea0       _free16Align               10009ea0 f   malloc16.obj
 0001:00008ec0       _new_noiseblanker          10009ec0 f   noiseblanker.obj
 0001:00008f30       _del_nb                    10009f30 f   noiseblanker.obj
 0001:00008f50       _noiseblanker              10009f50 f   noiseblanker.obj
 0001:00009480       _SDROMnoiseblanker         1000a480 f   noiseblanker.obj
 0001:000095a0       _ComplexOSC                1000a5a0 f   oscillator.obj
 0001:00009630       _RealOSC                   1000a630 f   oscillator.obj
 0001:000096a0       _newOSC                    1000a6a0 f   oscillator.obj
 0001:00009720       _delOSC                    1000a720 f   oscillator.obj
 0001:00009760       _newFiltOvSv               1000a760 f   ovsv.obj
 0001:000098b0       _delFiltOvSv               1000a8b0 f   ovsv.obj
 0001:00009900       _FiltOvSv_initpoint        1000a900 f   ovsv.obj
 0001:00009910       _FiltOvSv_initsize         1000a910 f   ovsv.obj
 0001:00009920       _FiltOvSv_fetchpoint       1000a920 f   ovsv.obj
 0001:00009930       _FiltOvSv_fetchsize        1000a930 f   ovsv.obj
 0001:00009940       _FiltOvSv_storepoint       1000a940 f   ovsv.obj
 0001:00009950       _FiltOvSv_storesize        1000a950 f   ovsv.obj
 0001:00009960       _filter_OvSv               1000a960 f   ovsv.obj
 0001:00009b30       _reset_OvSv                1000ab30 f   ovsv.obj
 0001:00009b60       _newPolyPhaseFIR           1000ab60 f   resample.obj
 0001:00009c10       _PolyPhaseFIR              1000ac10 f   resample.obj
 0001:00009d50       _delPolyPhaseFIR           1000ad50 f   resample.obj
 0001:00009d80       _newPolyPhaseFIRF          1000ad80 f   resampleF.obj
 0001:00009e10       _PolyPhaseFIRF             1000ae10 f   resampleF.obj
 0001:00009f00       _delPolyPhaseFIRF          1000af00 f   resampleF.obj
 0001:00009f30       _ringb_create_usemem       1000af30 f   ringb.obj
 0001:00009f60       _ringb_create              1000af60 f   ringb.obj
 0001:00009fb0       _ringb_float_create        1000afb0 f   ringb.obj
 0001:0000a000       _ringb_free                1000b000 f   ringb.obj
 0001:0000a020       _ringb_float_free          1000b020 f   ringb.obj
 0001:0000a040       _ringb_get_read_vector     1000b040 f   ringb.obj
 0001:0000a0d0       _ringb_get_write_vector    1000b0d0 f   ringb.obj
 0001:0000a180       _ringb_read                1000b180 f   ringb.obj
 0001:0000a250       _ringb_float_read          1000b250 f   ringb.obj
 0001:0000a330       _ringb_peek                1000b330 f   ringb.obj
 0001:0000a400       _ringb_read_advance        1000b400 f   ringb.obj
 0001:0000a420       _ringb_float_read_advance  1000b420 f   ringb.obj
 0001:0000a440       _ringb_read_space          1000b440 f   ringb.obj
 0001:0000a470       _ringb_float_read_space    1000b470 f   ringb.obj
 0001:0000a4a0       _ringb_reset               1000b4a0 f   ringb.obj
 0001:0000a4c0       _ringb_float_reset         1000b4c0 f   ringb.obj
 0001:0000a4e0       _ringb_write               1000b4e0 f   ringb.obj
 0001:0000a5c0       _ringb_float_write         1000b5c0 f   ringb.obj
 0001:0000a6b0       _ringb_write_advance       1000b6b0 f   ringb.obj
 0001:0000a6d0       _ringb_float_write_advance 1000b6d0 f   ringb.obj
 0001:0000a6f0       _ringb_write_space         1000b6f0 f   ringb.obj
 0001:0000a720       _ringb_float_write_space   1000b720 f   ringb.obj
 0001:0000a750       _ringb_clear               1000b750 f   ringb.obj
 0001:0000a850       _ringb_float_clear         1000b850 f   ringb.obj
 0001:0000a960       _ringb_restart             1000b960 f   ringb.obj
 0001:0000aa60       _ringb_float_restart       1000ba60 f   ringb.obj
 0001:0000ab80       _reset_meters              1000bb80 f   sdr.obj
 0001:0000ac30       _reset_spectrum            1000bc30 f   sdr.obj
 0001:0000ac60       _reset_counters            1000bc60 f   sdr.obj
 0001:0000acb0       _setup_workspace           1000bcb0 f   sdr.obj
 0001:0000ad40       _destroy_workspace         1000bd40 f   sdr.obj
 0001:0000af80       _dump_buf                  1000bf80 f   sdr.obj
 0001:0000b0f0       _process_samples           1000c0f0 f   sdr.obj
 0001:0000ec90       _init_spectrum             1000fc90 f   spectrum.obj
 0001:0000ed80       _reinit_spectrum           1000fd80 f   spectrum.obj
 0001:0000ede0       _snap_spectrum             1000fde0 f   spectrum.obj
 0001:0000f140       _snap_scope                10010140 f   spectrum.obj
 0001:0000f1a0       _compute_spectrum          100101a0 f   spectrum.obj
 0001:0000f400       _compute_complex_spectrum  10010400 f   spectrum.obj
 0001:0000f480       _finish_spectrum           10010480 f   spectrum.obj
 0001:0000f4f0       _newSpeechProc             100104f0 f   speechproc.obj
 0001:0000f5b0       _delSpeechProc             100105b0 f   speechproc.obj
 0001:0000f5e0       _SpeechProcessor           100105e0 f   speechproc.obj
 0001:0000f860       _F                         10010860 f   splitfields.obj
 0001:0000f870       _Fptr                      10010870 f   splitfields.obj
 0001:0000f880       _NF                        10010880 f   splitfields.obj
 0001:0000f890       _splitonto                 10010890 f   splitfields.obj
 0001:0000f8e0       _spliton                   100108e0 f   splitfields.obj
 0001:0000f940       _split                     10010940 f   splitfields.obj
 0001:0000f9a0       _newSPLIT                  100109a0 f   splitfields.obj
 0001:0000f9c0       _delSPLIT                  100109c0 f   splitfields.obj
 0001:0000f9e0       _newSpotToneGen            100109e0 f   spottone.obj
 0001:0000fa80       _delSpotToneGen            10010a80 f   spottone.obj
 0001:0000fab0       _setSpotToneGenVals        10010ab0 f   spottone.obj
 0001:0000fae0       _SpotToneOn                10010ae0 f   spottone.obj
 0001:0000fc00       _SpotToneOff               10010c00 f   spottone.obj
 0001:0000fc10       _SpotTone                  10010c10 f   spottone.obj
 0001:0000fd60       _Setup_SDR                 10010d60 f   update.obj
 0001:0000fd70       _Destroy_SDR               10010d70 f   update.obj
 0001:0000fd80       _SetThreadNo               10010d80 f   update.obj
 0001:0000fde0       _SetThreadCom              10010de0 f   update.obj
 0001:0000fe30       _SetSwchFlag               10010e30 f   update.obj
 0001:0000fe60       _SetSwchRiseThresh         10010e60 f   update.obj
 0001:0000fea0       _SetThreadProcessingMode   10010ea0 f   update.obj
 0001:0000ff50       _SetMode                   10010f50 f   update.obj
 0001:00010020       _AudioReset                10011020 f   update.obj
 0001:00010030       _SetRXManualNotchEnable    10011030 f   update.obj
 0001:00010080       _SetRXManualNotchBW        10011080 f   update.obj
 0001:000100d0       _SetRXManualNotchFreq      100110d0 f   update.obj
 0001:00010220       _SetRXDCBlock              10011220 f   update.obj
 0001:00010270       _SetRXDCBlockGain          10011270 f   update.obj
 0001:000102c0       _SetTXDCBlock              100112c0 f   update.obj
 0001:00010300       _SetTXFMDeviation          10011300 f   update.obj
 0001:00010390       _SetTXFMDataMode           10011390 f   update.obj
 0001:000103d0       _SetHiResPan               100113d0 f   update.obj
 0001:00010410       _SetRXFMDeviation          10011410 f   update.obj
 0001:000104c0       _SetCTCSSFreq              100114c0 f   update.obj
 0001:00010530       _SetCTCSSFlag              10011530 f   update.obj
 0001:00010570       _SetFMSquelchThreshold     10011570 f   update.obj
 0001:000105e0       _SetTXFilter               100115e0 f   update.obj
 0001:000107b0       _SetRXFilter               100117b0 f   update.obj
 0001:00010980       _Release_Update            10011980 f   update.obj
 0001:000109b0       _SetRXOutputGain           100119b0 f   update.obj
 0001:00010a00       _SetOscPhase               10011a00 f   update.obj
 0001:00010a90       _SetRXOsc                  10011a90 f   update.obj
 0001:00010b30       _SetTXOsc                  10011b30 f   update.obj
 0001:00010bd0       _SetSampleRate             10011bd0 f   update.obj
 0001:00010c80       _SetNR                     10011c80 f   update.obj
 0001:00010ce0       _SetNRvals                 10011ce0 f   update.obj
 0001:00010d80       _SetTXCompandSt            10011d80 f   update.obj
 0001:00010dc0       _SetTXCompand              10011dc0 f   update.obj
 0001:00010e10       _SetTXSquelchSt            10011e10 f   update.obj
 0001:00010e50       _SetTXSquelchVal           10011e50 f   update.obj
 0001:00010e90       _SetTXSquelchAtt           10011e90 f   update.obj
 0001:00010ed0       _SetANF                    10011ed0 f   update.obj
 0001:00010f30       _SetANFvals                10011f30 f   update.obj
 0001:00010fd0       _SetNB                     10011fd0 f   update.obj
 0001:00011010       _SetNBvals                 10012010 f   update.obj
 0001:00011080       _SetSDROM                  10012080 f   update.obj
 0001:000110c0       _SetSDROMvals              100120c0 f   update.obj
 0001:00011110       _SetBIN                    10012110 f   update.obj
 0001:00011150       _SetRXAGC                  10012150 f   update.obj
 0001:00011440       _SetRXAGCAttack            10012440 f   update.obj
 0001:00011560       _SetRXAGCDecay             10012560 f   update.obj
 0001:00011610       _SetRXAGCHang              10012610 f   update.obj
 0001:00011670       _SetRXAGCSlope             10012670 f   update.obj
 0001:000116e0       _SetRXAGCHangThreshold     100126e0 f   update.obj
 0001:00011740       _SetTXALCAttack            10012740 f   update.obj
 0001:00011860       _SetTXAMCarrierLevel       10012860 f   update.obj
 0001:000118a0       _SetTXALCDecay             100128a0 f   update.obj
 0001:00011950       _SetTXALCBot               10012950 f   update.obj
 0001:000119b0       _SetTXALCHang              100129b0 f   update.obj
 0001:00011a10       _SetTXLevelerSt            10012a10 f   update.obj
 0001:00011a50       _SetTXLevelerAttack        10012a50 f   update.obj
 0001:00011b70       _SetTXLevelerDecay         10012b70 f   update.obj
 0001:00011c20       _SetTXLevelerHang          10012c20 f   update.obj
 0001:00011c70       _SetTXLevelerTop           10012c70 f   update.obj
 0001:00011ce0       _SetFixedAGC               10012ce0 f   update.obj
 0001:00011d50       _SetRXAGCTop               10012d50 f   update.obj
 0001:00011dd0       _GetSAMPLLvals             10012dd0 f   update.obj
 0001:00011e30       _SetSAMPLLvals             10012e30 f   update.obj
 0001:00011e90       _GetSAMFreq                10012e90 f   update.obj
 0001:00011ee0       _GetFMSquelchBreak         10012ee0 f   update.obj
 0001:00011f30       _SetCorrectIQ              10012f30 f   update.obj
 0001:00011fb0       _SetCorrectIQGain          10012fb0 f   update.obj
 0001:00012010       _SetCorrectIQPhase         10013010 f   update.obj
 0001:00012060       _SetCorrectIQEnable        10013060 f   update.obj
 0001:00012090       _SetCorrectRXIQMu          10013090 f   update.obj
 0001:000120e0       _SetCorrectWBIRState       100130e0 f   update.obj
 0001:00012120       _GetCorrectRXIQMu          10013120 f   update.obj
 0001:00012140       _SetCorrectRXIQw           10013140 f   update.obj
 0001:000121c0       _GetCorrectRXIQw           100131c0 f   update.obj
 0001:00012220       _SetCorrectRXIQwReal       10013220 f   update.obj
 0001:00012270       _SetCorrectRXIQwImag       10013270 f   update.obj
 0001:000122c0       _SetCorrectTXIQ            100132c0 f   update.obj
 0001:00012330       _SetCorrectTXIQGain        10013330 f   update.obj
 0001:00012390       _SetCorrectTXIQPhase       10013390 f   update.obj
 0001:000123e0       _SetCorrectTXIQMu          100133e0 f   update.obj
 0001:00012430       _SetCorrectTXIQW           10013430 f   update.obj
 0001:00012490       _SetPWSmode                10013490 f   update.obj
 0001:00012570       _SetWindow                 10013570 f   update.obj
 0001:000125d0       _SetSpectrumPolyphase      100135d0 f   update.obj
 0001:00012760       _SetGrphTXEQ               10013760 f   update.obj
 0001:00012e30       _SetGrphTXEQ10             10013e30 f   update.obj
 0001:00013210       _SetGrphTXEQ28             10014210 f   update.obj
 0001:000135b0       _SetGrphTXEQ37             100145b0 f   update.obj
 0001:00013b00       _SetGrphTXPEQ              10014b00 f   update.obj
 0001:00013eb0       _SetGrphTXEQcmd            10014eb0 f   update.obj
 0001:00013ef0       _SetNotch160               10014ef0 f   update.obj
 0001:00013f00       _SetGrphRXEQ               10014f00 f   update.obj
 0001:000145d0       _SetGrphRXEQ10             100155d0 f   update.obj
 0001:000149b0       _SetGrphRXEQcmd            100159b0 f   update.obj
 0001:000149f0       _SetTXAGCFF                100159f0 f   update.obj
 0001:00014a30       _SetTXAGCFFCompression     10015a30 f   update.obj
 0001:00014ad0       _SetSquelchVal             10015ad0 f   update.obj
 0001:00014b20       _SetSquelchState           10015b20 f   update.obj
 0001:00014b60       _SetTRX                    10015b60 f   update.obj
 0001:00014ba0       _FlushAllBufs              10015ba0 f   update.obj
 0001:00014cc0       _SetDSPBuflen              10015cc0 f   update.obj
 0001:00014d10       _SetAudioSize              10015d10 f   update.obj
 0001:00014dd0       _SetTXAGCCompression       10015dd0 f   update.obj
 0001:00014de0       _Process_ComplexSpectrum   10015de0 f   update.obj
 0001:00014e40       _Process_Spectrum          10015e40 f   update.obj
 0001:00014ea0       _Process_Panadapter        10015ea0 f   update.obj
 0001:00014f20       _Process_Phase             10015f20 f   update.obj
 0001:00014fc0       _Process_Scope             10015fc0 f   update.obj
 0001:000150a0       _SetRingBufferOffset       100160a0 f   update.obj
 0001:000150e0       _CalculateRXMeter          100160e0 f   update.obj
 0001:000151d0       _CalculateTXMeter          100161d0 f   update.obj
 0001:00015350       _NewResampler              10016350 f   update.obj
 0001:00015380       _DoResampler               10016380 f   update.obj
 0001:000153b0       _DelPolyPhaseFIR           100163b0 f   update.obj
 0001:000153c0       _NewResamplerF             100163c0 f   update.obj
 0001:000153f0       _DoResamplerF              100163f0 f   update.obj
 0001:00015420       _DelPolyPhaseFIRF          10016420 f   update.obj
 0001:00015430       _SetSubRXSt                10016430 f   update.obj
 0001:00015510       _SetRXPan                  10016510 f   update.obj
 0001:00015600       _SetDiversity              10016600 f   update.obj
 0001:00015650       _SetDiversityScalar        10016650 f   update.obj
 0001:00015690       _SetDiversityGain          10016690 f   update.obj
 0001:000156c0       _makewindow                100166c0 f   window.obj
 0001:00015e70       _Audio_Callback            10016e70 f   winmain.obj
 0001:00016040       _Audio_Callback2           10017040 f   winmain.obj
 0001:000163e0       _process_samples_thread    100173e0 f   winmain.obj
 0001:000165f0       _closeup                   100175f0 f   winmain.obj
 0001:00016690       _setup                     10017690 f   winmain.obj
 0001:00016a90       _reset_for_buflen          10017a90 f   winmain.obj
 0001:00016b60       _reset_for_samplerate      10017b60 f   winmain.obj
 0001:000171a0       _WSCompand                 100181a0 f   wscompand.obj
 0001:000172b0       _WSCReset                  100182b0 f   wscompand.obj
 0001:00017380       _newWSCompander            10018380 f   wscompand.obj
 0001:000174a0       _delWSCompander            100184a0 f   wscompand.obj
 0001:000174d0       _InitSPEEDTRIG             100184d0 f   fastrig1.obj
 0001:00017540       _fast_sin                  10018540 f   fastrig1.obj
 0001:000175c0       _fast_cos                  100185c0 f   fastrig1.obj
 0001:00017640       _fast_atan2                10018640 f   fastrig1.obj
 0001:000177a0       _phasemod                  100187a0 f   fastrig1.obj
 0001:000177f3       _timeSetEvent@20           100187f3 f   winMM:WINMM.dll
 0001:000177f9       _timeKillEvent@4           100187f9 f   winMM:WINMM.dll
 0001:000177ff       _fftwf_execute             100187ff f   libfftw3f-3:libfftw3f-3.dll
 0001:00017805       _fftwf_plan_dft_1d         10018805 f   libfftw3f-3:libfftw3f-3.dll
 0001:0001780b       _fftwf_destroy_plan        1001880b f   libfftw3f-3:libfftw3f-3.dll
 0001:00017811       _fftwf_import_wisdom_from_string 10018811 f   libfftw3f-3:libfftw3f-3.dll
 0001:00017817       _sem_init                  10018817 f   pthreadVC:pthreadVC.dll
 0001:0001781d       _sem_destroy               1001881d f   pthreadVC:pthreadVC.dll
 0001:00017823       _sem_wait                  10018823 f   pthreadVC:pthreadVC.dll
 0001:00017829       _sem_post                  10018829 f   pthreadVC:pthreadVC.dll
 0001:0001782f       @__security_check_cookie@4 1001882f f   LIBCMT:secchk.obj
 0001:00017840       __alldiv                   10018840 f   LIBCMT:lldiv.obj
 0001:000178f0       __ftol2_sse_excpt          100188f0 f   LIBCMT:ftol2.obj
 0001:00017900       __ftol2_sse                10018900 f   LIBCMT:ftol2.obj
 0001:00017910       __ftoi2                    10018910 f   LIBCMT:ftol2.obj
 0001:00017990       __ftoui2                   10018990 f   LIBCMT:ftol2.obj
 0001:00017a40       __ftol2                    10018a40 f   LIBCMT:ftol2.obj
 0001:00017af0       __ftoul2                   10018af0 f   LIBCMT:ftol2.obj
 0001:00017bb0       __alloca_probe             10018bb0 f   LIBCMT:chkstk.obj
 0001:00017bb0       __chkstk                   10018bb0 f   LIBCMT:chkstk.obj
 0001:00017be0       __ftoui3                   10018be0 f   LIBCMT:ftol3.obj
 0001:00017c30       __ftoul3                   10018c30 f   LIBCMT:ftol3.obj
 0001:00017cb0       __ftol3                    10018cb0 f   LIBCMT:ftol3.obj
 0001:00017d20       __dtoui3                   10018d20 f   LIBCMT:ftol3.obj
 0001:00017da0       __dtoul3                   10018da0 f   LIBCMT:ftol3.obj
 0001:00017e50       __dtol3                    10018e50 f   LIBCMT:ftol3.obj
 0001:00017f00       __ultod3                   10018f00 f   LIBCMT:ftol3.obj
 0001:00017f60       __ltod3                    10018f60 f   LIBCMT:ftol3.obj
 0001:000182e1       __CRT_INIT@12              100192e1 f   LIBCMT:dll_dllmain.obj
 0001:000182ea       __DllMainCRTStartup@12     100192ea f   LIBCMT:dll_dllmain.obj
 0001:0001830d       ___raise_securityfailure   1001930d f   LIBCMT:gs_report.obj
 0001:00018335       ___report_gsfailure        10019335 f   LIBCMT:gs_report.obj
 0001:0001842f       ___report_rangecheckfailure 1001942f f   LIBCMT:gs_report.obj
 0001:0001843b       ___report_securityfailure  1001943b f   LIBCMT:gs_report.obj
 0001:0001850a       ___report_securityfailureEx 1001950a f   LIBCMT:gs_report.obj
 0001:0001861f       ___isa_available_init      1001961f f   LIBCMT:cpu_disp.obj
 0001:0001883d       ___security_init_cookie    1001983d f   LIBCMT:gs_support.obj
 0001:00018888       _DllMain@12                10019888 f   LIBCMT:dll_dllmain_stub.obj
 0001:0001888e       ?__scrt_initialize_type_info@@YAXXZ 1001988e f   LIBCMT:tncleanup.obj
 0001:0001889a       ?__scrt_uninitialize_type_info@@YAXXZ 1001989a f   LIBCMT:tncleanup.obj
 0001:000188a6       ___local_stdio_scanf_options 100198a6 f i LIBCMT:default_local_stdio_options.obj
 0001:000188ac       ___scrt_initialize_default_local_stdio_options 100198ac f   LIBCMT:default_local_stdio_options.obj
 0001:000188c9       ?configure_argv@__scrt_narrow_argv_policy@@SAHXZ 100198c9 f i LIBCMT:utility.obj
 0001:0001891a       ?initialize_environment@__scrt_narrow_environment_policy@@SAHXZ 1001991a f i LIBCMT:utility.obj
 0001:00018953       _NtCurrentTeb              10019953 f i LIBCMT:utility.obj
 0001:0001895a       ___scrt_acquire_startup_lock 1001995a f   LIBCMT:utility.obj
 0001:0001898c       ___scrt_dllmain_after_initialize_c 1001998c f   LIBCMT:utility.obj
 0001:000189b7       ___scrt_dllmain_before_initialize_c 100199b7 f   LIBCMT:utility.obj
 0001:000189c5       ___scrt_dllmain_crt_thread_attach 100199c5 f   LIBCMT:utility.obj
 0001:000189e4       ___scrt_dllmain_crt_thread_detach 100199e4 f   LIBCMT:utility.obj
 0001:000189f1       ___scrt_dllmain_exception_filter 100199f1 f   LIBCMT:utility.obj
 0001:00018a25       ___scrt_dllmain_uninitialize_c 10019a25 f   LIBCMT:utility.obj
 0001:00018a48       ___scrt_dllmain_uninitialize_critical 10019a48 f   LIBCMT:utility.obj
 0001:00018a55       ___scrt_initialize_crt     10019a55 f   LIBCMT:utility.obj
 0001:00018a8e       ___scrt_initialize_onexit_tables 10019a8e f   LIBCMT:utility.obj
 0001:00018b15       ___scrt_is_nonwritable_in_current_image 10019b15 f   LIBCMT:utility.obj
 0001:00018ba9       ___scrt_release_startup_lock 10019ba9 f   LIBCMT:utility.obj
 0001:00018bc6       ___scrt_uninitialize_crt   10019bc6 f   LIBCMT:utility.obj
 0001:00018bee       __onexit                   10019bee f   LIBCMT:utility.obj
 0001:00018c1b       _at_quick_exit             10019c1b f   LIBCMT:utility.obj
 0001:00018c3e       _atexit                    10019c3e f   LIBCMT:utility.obj
 0001:00018c53       ___scrt_get_dyn_tls_init_callback 10019c53 f   LIBCMT:dyn_tls_init.obj
 0001:00018c59       ___scrt_fastfail           10019c59 f   LIBCMT:utility_desktop.obj
 0001:00018d74       ___scrt_get_show_window_mode 10019d74 f   LIBCMT:utility_desktop.obj
 0001:00018da5       ___scrt_initialize_mta     10019da5 f   LIBCMT:utility_desktop.obj
 0001:00018daa       ___scrt_initialize_winrt   10019daa f   LIBCMT:utility_desktop.obj
 0001:00018dad       ___scrt_is_managed_app     10019dad f   LIBCMT:utility_desktop.obj
 0001:00018df0       ___scrt_set_unhandled_exception_filter 10019df0 f   LIBCMT:utility_desktop.obj
 0001:00018dfc       ___scrt_exe_initialize_mta 10019dfc f   LIBCMT:utility_desktop.obj
 0001:00018dfc       ___scrt_stub_for_initialize_mta 10019dfc f   LIBCMT:utility_desktop.obj
 0001:00018dff       ___scrt_unhandled_exception_filter@4 10019dff f   LIBCMT:utility_desktop.obj
 0001:00018e55       __crt_debugger_hook        10019e55 f   LIBCMT:utility_desktop.obj
 0001:00018e5d       __RTC_Initialize           10019e5d f   LIBCMT:initsect.obj
 0001:00018e89       __RTC_Terminate            10019e89 f   LIBCMT:initsect.obj
 0001:00018ec0       __SEH_prolog4              10019ec0 f   LIBCMT:sehprolg4.obj
 0001:00018f10       __SEH_epilog4              10019f10 f   LIBCMT:sehprolg4.obj
 0001:00018f24       @_guard_check_icall_nop@4  10019f24 f i LIBCMT:guard_support.obj
 0001:00018f27       _ReadNoFence               10019f27 f i LIBCMT:guard_support.obj
 0001:00018f31       _ReadPointerNoFence        10019f31 f i LIBCMT:guard_support.obj
 0001:00018f3b       ___castguard_check_failure_debugbreak 10019f3b f i LIBCMT:guard_support.obj
 0001:00018f56       ___castguard_check_failure_fastfail 10019f56 f i LIBCMT:guard_support.obj
 0001:00018f75       ___castguard_check_failure_nop 10019f75 f i LIBCMT:guard_support.obj
 0001:00018f78       ___castguard_check_failure_os_handled 10019f78 f i LIBCMT:guard_support.obj
 0001:00018fcc       ___castguard_slow_path_check_debugbreak 10019fcc f i LIBCMT:guard_support.obj
 0001:00018ff9       ___castguard_slow_path_check_fastfail 10019ff9 f i LIBCMT:guard_support.obj
 0001:0001902a       ___castguard_slow_path_check_nop 1001a02a f i LIBCMT:guard_support.obj
 0001:0001902d       ___castguard_slow_path_check_os_handled 1001a02d f i LIBCMT:guard_support.obj
 0001:00019093       __guard_icall_checks_enforced 1001a093 f i LIBCMT:guard_support.obj
 0001:000190a5       __get_startup_argv_mode    1001a0a5 f   LIBCMT:argv_mode.obj
 0001:000190a9       ___scrt_is_ucrt_dll_in_use 1001a0a9 f   LIBCMT:ucrt_detection.obj
 0001:000190b5       _GetSystemTimeAsFileTime@4 1001a0b5 f   kernel32:KERNEL32.dll
 0001:000190bb       _EnterCriticalSection@4    1001a0bb f   kernel32:KERNEL32.dll
 0001:000190c1       _LeaveCriticalSection@4    1001a0c1 f   kernel32:KERNEL32.dll
 0001:000190c7       _InitializeCriticalSectionAndSpinCount@8 1001a0c7 f   kernel32:KERNEL32.dll
 0001:000190cd       _DeleteCriticalSection@4   1001a0cd f   kernel32:KERNEL32.dll
 0001:000190d3       _Sleep@4                   1001a0d3 f   kernel32:KERNEL32.dll
 0001:000190d9       _GetCurrentThreadId@0      1001a0d9 f   kernel32:KERNEL32.dll
 0001:000190df       _UnhandledExceptionFilter@4 1001a0df f   kernel32:KERNEL32.dll
 0001:000190e5       _SetUnhandledExceptionFilter@4 1001a0e5 f   kernel32:KERNEL32.dll
 0001:000190eb       _GetCurrentProcess@0       1001a0eb f   kernel32:KERNEL32.dll
 0001:000190f1       _TerminateProcess@8        1001a0f1 f   kernel32:KERNEL32.dll
 0001:000190f7       _IsProcessorFeaturePresent@4 1001a0f7 f   kernel32:KERNEL32.dll
 0001:000190fd       _QueryPerformanceCounter@4 1001a0fd f   kernel32:KERNEL32.dll
 0001:00019103       _GetCurrentProcessId@0     1001a103 f   kernel32:KERNEL32.dll
 0001:00019109       _InitializeSListHead@4     1001a109 f   kernel32:KERNEL32.dll
 0001:0001910f       _IsDebuggerPresent@0       1001a10f f   kernel32:KERNEL32.dll
 0001:00019115       _GetStartupInfoW@4         1001a115 f   kernel32:KERNEL32.dll
 0001:0001911b       _GetModuleHandleW@4        1001a11b f   kernel32:KERNEL32.dll
 0001:00019130       _memset                    1001a130 f   libvcruntime:memset.obj
 0001:00019290       _memcpy                    1001a290 f   libvcruntime:memcpy.obj
 0001:00019850       __except_handler4          1001a850 f   libvcruntime:chandler4.obj
 0001:000199bc       ??$?RD@__crt_internal_free_policy@@QBEXQBD@Z 1001a9bc f i libvcruntime:std_type_info.obj
 0001:000199cc       ??$?RX@__crt_internal_free_policy@@QBEXQBX@Z 1001a9cc f i libvcruntime:std_type_info.obj
 0001:000199dc       ??$__crt_interlocked_compare_exchange_pointer@$$CBDPAD$$T@@YAPBDPDSBDQAD$$T@Z 1001a9dc f i libvcruntime:std_type_info.obj
 0001:000199ee       ??$__crt_interlocked_read_pointer@$$CBD@@YAPBDPDSBD@Z 1001a9ee f i libvcruntime:std_type_info.obj
 0001:000199f8       ??0?$__crt_unique_heap_ptr@DU__crt_internal_free_policy@@@@QAE@QAD@Z 1001a9f8 f i libvcruntime:std_type_info.obj
 0001:00019a06       ??0?$__crt_unique_heap_ptr@XU__crt_internal_free_policy@@@@QAE@QAX@Z 1001aa06 f i libvcruntime:std_type_info.obj
 0001:00019a14       ??1?$__crt_unique_heap_ptr@DU__crt_internal_free_policy@@@@QAE@XZ 1001aa14 f i libvcruntime:std_type_info.obj
 0001:00019a24       ??1?$__crt_unique_heap_ptr@XU__crt_internal_free_policy@@@@QAE@XZ 1001aa24 f i libvcruntime:std_type_info.obj
 0001:00019a34       ??B?$__crt_unique_heap_ptr@DU__crt_internal_free_policy@@@@QBE_NXZ 1001aa34 f i libvcruntime:std_type_info.obj
 0001:00019a3b       ??B?$__crt_unique_heap_ptr@XU__crt_internal_free_policy@@@@QBE_NXZ 1001aa3b f i libvcruntime:std_type_info.obj
 0001:00019a6e       ?__crt_interlocked_read_32@@YAHPDH@Z 1001aa6e f i libvcruntime:std_type_info.obj
 0001:00019a78       ?detach@?$__crt_unique_heap_ptr@XU__crt_internal_free_policy@@@@QAEPAXXZ 1001aa78 f i libvcruntime:std_type_info.obj
 0001:00019a7e       ?get@?$__crt_unique_heap_ptr@DU__crt_internal_free_policy@@@@QBEPADXZ 1001aa7e f i libvcruntime:std_type_info.obj
 0001:00019a81       ?get@?$__crt_unique_heap_ptr@XU__crt_internal_free_policy@@@@QBEPAXXZ 1001aa81 f i libvcruntime:std_type_info.obj
 0001:00019a84       ?is_valid@?$__crt_unique_heap_ptr@DU__crt_internal_free_policy@@@@QBE_NXZ 1001aa84 f i libvcruntime:std_type_info.obj
 0001:00019a8b       ?is_valid@?$__crt_unique_heap_ptr@XU__crt_internal_free_policy@@@@QBE_NXZ 1001aa8b f i libvcruntime:std_type_info.obj
 0001:00019a92       ?release@?$__crt_unique_heap_ptr@DU__crt_internal_free_policy@@@@QAEXXZ 1001aa92 f i libvcruntime:std_type_info.obj
 0001:00019aa2       ?release@?$__crt_unique_heap_ptr@XU__crt_internal_free_policy@@@@QAEXXZ 1001aaa2 f i libvcruntime:std_type_info.obj
 0001:00019ab2       ___std_type_info_compare   1001aab2 f   libvcruntime:std_type_info.obj
 0001:00019aee       ___std_type_info_destroy_list 1001aaee f   libvcruntime:std_type_info.obj
 0001:00019b11       ___std_type_info_hash      1001ab11 f   libvcruntime:std_type_info.obj
 0001:00019b37       ___std_type_info_name      1001ab37 f   libvcruntime:std_type_info.obj
 0001:00019bfc       ___vcrt_initialize         1001abfc f   libvcruntime:initialization.obj
 0001:00019c1b       ___vcrt_thread_attach      1001ac1b f   libvcruntime:initialization.obj
 0001:00019c26       ___vcrt_thread_detach      1001ac26 f   libvcruntime:initialization.obj
 0001:00019c31       ___vcrt_uninitialize       1001ac31 f   libvcruntime:initialization.obj
 0001:00019c48       ___vcrt_uninitialize_critical 1001ac48 f   libvcruntime:initialization.obj
 0001:00019c53       ___DestructExceptionObject 1001ac53 f   libvcruntime:ehhelpers.obj
 0001:00019cf4       ?_CallMemberFunction0@@YGXQAX0@Z 1001acf4 f i libvcruntime:ehhelpers.obj
 0001:00019d59       ?raw_name@type_info@@QBEPBDXZ 1001ad59 f i libvcruntime:ehhelpers.obj
 0001:00019d5d       __IsExceptionObjectToBeDestroyed 1001ad5d f   libvcruntime:ehhelpers.obj
 0001:00019d83       __SetWinRTOutOfMemoryExceptionCallback 1001ad83 f   libvcruntime:ehhelpers.obj
 0001:00019d90       ___AdjustPointer           1001ad90 f   libvcruntime:ehhelpers.obj
 0001:00019db5       ___FrameUnwindFilter       1001adb5 f   libvcruntime:ehhelpers.obj
 0001:00019e0b       ___GetPlatformExceptionInfo 1001ae0b f   libvcruntime:ehhelpers.obj
 0001:00019e57       ___current_exception       1001ae57 f   libvcruntime:ehhelpers.obj
 0001:00019e60       ___current_exception_context 1001ae60 f   libvcruntime:ehhelpers.obj
 0001:00019e69       ___processing_throw        1001ae69 f   libvcruntime:ehhelpers.obj
 0001:00019e72       ___std_terminate           1001ae72 f   libvcruntime:ehhelpers.obj
 0001:00019e77       __is_exception_typeof      1001ae77 f   libvcruntime:ehhelpers.obj
 0001:00019f20       __local_unwind4            1001af20 f   libvcruntime:exsup4.obj
 0001:0001a010       __seh_longjmp_unwind4@4    1001b010 f   libvcruntime:exsup4.obj
 0001:0001a040       @_EH4_CallFilterFunc@8     1001b040 f   libvcruntime:exsup4.obj
 0001:0001a060       @_EH4_TransferToHandler@8  1001b060 f   libvcruntime:exsup4.obj
 0001:0001a080       @_EH4_GlobalUnwind2@8      1001b080 f   libvcruntime:exsup4.obj
 0001:0001a0a0       @_EH4_LocalUnwind@16       1001b0a0 f   libvcruntime:exsup4.obj
 0001:0001a0c2       ___except_validate_context_record 1001b0c2 f   libvcruntime:jbcxrval.obj
 0001:0001a0f2       ___except_validate_jump_buffer 1001b0f2 f   libvcruntime:jbcxrval.obj
 0001:0001a11f       ___except_validate_jump_buffer_common 1001b11f f i libvcruntime:jbcxrval.obj
 0001:0001a158       ??$?0$00@DName@@QAE@PBDU?$StringLifeSelector@$00@@@Z 1001b158 f i libvcruntime:undname.obj
 0001:0001a18b       ??$?0$00@pcharNode@@QAE@PBDHU?$StringLifeSelector@$00@@@Z 1001b18b f i libvcruntime:undname.obj
 0001:0001a1a6       ??$?0$01@DName@@QAE@PBDU?$StringLifeSelector@$01@@@Z 1001b1a6 f i libvcruntime:undname.obj
 0001:0001a1d9       ??$?0$01@pcharNode@@QAE@PBDHU?$StringLifeSelector@$01@@@Z 1001b1d9 f i libvcruntime:undname.obj
 0001:0001a219       ??$?0$0A@@DName@@QAE@PBDU?$StringLifeSelector@$0A@@@@Z 1001b219 f i libvcruntime:undname.obj
 0001:0001a24c       ??$?0$0A@@pcharNode@@QAE@PBDHU?$StringLifeSelector@$0A@@@@Z 1001b24c f i libvcruntime:undname.obj
 0001:0001a28c       ??$?0_K$0A@@?$optional@_K@std@@QAE@$$QA_K@Z 1001b28c f i libvcruntime:undname.obj
 0001:0001a2a6       ??$?0_K@?$_Optional_construct_base@_K@std@@QAE@Uin_place_t@1@$$QA_K@Z 1001b2a6 f i libvcruntime:undname.obj
 0001:0001a2c0       ??$?0_K@?$_Optional_destruct_base@_K$00@std@@QAE@Uin_place_t@1@$$QA_K@Z 1001b2c0 f i libvcruntime:undname.obj
 0001:0001a2da       ??$append@VDNameNode@@@DName@@AAEXPBVDNameNode@@@Z 1001b2da f i libvcruntime:undname.obj
 0001:0001a31b       ??$append@VDNameStatusNode@@@DName@@AAEXPBVDNameStatusNode@@@Z 1001b31b f i libvcruntime:undname.obj
 0001:0001a35c       ??$append@VcharNode@@@DName@@AAEXPBVcharNode@@@Z 1001b35c f i libvcruntime:undname.obj
 0001:0001a39d       ??$append@VpDNameNode@@@DName@@AAEXPBVpDNameNode@@@Z 1001b39d f i libvcruntime:undname.obj
 0001:0001a3de       ??$append@VpcharNode@@@DName@@AAEXPBVpcharNode@@@Z 1001b3de f i libvcruntime:undname.obj
 0001:0001a41f       ??$doPchar@$00@DName@@AAEXPBDH@Z 1001b41f f i libvcruntime:undname.obj
 0001:0001a48a       ??$doPchar@$01@DName@@AAEXPBDH@Z 1001b48a f i libvcruntime:undname.obj
 0001:0001a4fb       ??$doPchar@$0A@@DName@@AAEXPBDH@Z 1001b4fb f i libvcruntime:undname.obj
 0001:0001a56c       ??$forward@_K@std@@YA$$QA_KAA_K@Z 1001b56c f i libvcruntime:undname.obj
 0001:0001a574       ??$size@D$04@std@@YAIAAY04$$CBD@Z 1001b574 f i libvcruntime:undname.obj
 0001:0001a578       ??$size@D$0EB@@std@@YAIAAY0EB@$$CBD@Z 1001b578 f i libvcruntime:undname.obj
 0001:0001a57c       ??0?$_Optional_construct_base@_K@std@@QAE@XZ 1001b57c f i libvcruntime:undname.obj
 0001:0001a583       ??0?$_Optional_destruct_base@_K$00@std@@QAE@XZ 1001b583 f i libvcruntime:undname.obj
 0001:0001a58a       ??0?$optional@_K@std@@QAE@XZ 1001b58a f i libvcruntime:undname.obj
 0001:0001a591       ??0Block@_HeapManager@@QAE@XZ 1001b591 f i libvcruntime:undname.obj
 0001:0001a597       ??0DName@@QAE@AAPBDD@Z     1001b597 f   libvcruntime:undname.obj
 0001:0001a617       ??0DName@@QAE@ABUStringLiteral@@@Z 1001b617 f   libvcruntime:undname.obj
 0001:0001a63e       ??0DName@@QAE@ABV0@@Z      1001b63e f i libvcruntime:undname.obj
 0001:0001a654       ??0DName@@QAE@D@Z          1001b654 f   libvcruntime:undname.obj
 0001:0001a670       ??0DName@@QAE@PAV0@@Z      1001b670 f   libvcruntime:undname.obj
 0001:0001a6b7       ??0DName@@QAE@W4DNameStatus@@@Z 1001b6b7 f   libvcruntime:undname.obj
 0001:0001a6f7       ??0DName@@QAE@XZ           1001b6f7 f i libvcruntime:undname.obj
 0001:0001a701       ??0DName@@QAE@_J@Z         1001b701 f   libvcruntime:undname.obj
 0001:0001a78d       ??0DName@@QAE@_K@Z         1001b78d f   libvcruntime:undname.obj
 0001:0001a7f3       ??0DNameNode@@IAE@XZ       1001b7f3 f i libvcruntime:undname.obj
 0001:0001a7fc       ??0Replicator@@QAE@XZ      1001b7fc f i libvcruntime:undname.obj
 0001:0001a80b       ??0UnDecorator@@QAE@PBDP6APADJ@ZK@Z 1001b80b f i libvcruntime:undname.obj
 0001:0001a857       ??0_Nontrivial_dummy_type@std@@QAE@XZ 1001b857 f i libvcruntime:undname.obj
 0001:0001a85a       ??0charNode@@QAE@D@Z       1001b85a f i libvcruntime:undname.obj
 0001:0001a86f       ??0pDNameNode@@QAE@PAVDName@@@Z 1001b86f f   libvcruntime:undname.obj
 0001:0001a897       ??0pairNode@@QAE@PBVDNameNode@@0@Z 1001b897 f i libvcruntime:undname.obj
 0001:0001a8bd       ??2@YAPAXIAAV_HeapManager@@H@Z 1001b8bd f   libvcruntime:undname.obj
 0001:0001a8dc       ??4DName@@QAEAAV0@ABUStringLiteral@@@Z 1001b8dc f   libvcruntime:undname.obj
 0001:0001a8fd       ??4DName@@QAEAAV0@ABV0@@Z  1001b8fd f   libvcruntime:undname.obj
 0001:0001a913       ??4DName@@QAEAAV0@D@Z      1001b913 f i libvcruntime:undname.obj
 0001:0001a92f       ??4DName@@QAEAAV0@PAV0@@Z  1001b92f f   libvcruntime:undname.obj
 0001:0001a972       ??4DName@@QAEAAV0@W4DNameStatus@@@Z 1001b972 f   libvcruntime:undname.obj
 0001:0001a9a4       ??AReplicator@@QBE?AVDName@@H@Z 1001b9a4 f   libvcruntime:undname.obj
 0001:0001a9ea       ??B?$optional@_K@std@@QBE_NXZ 1001b9ea f i libvcruntime:undname.obj
 0001:0001a9ee       ??D?$optional@_K@std@@QGAEAA_KXZ 1001b9ee f i libvcruntime:undname.obj
 0001:0001a9f1       ??H@YA?AVDName@@ABUStringLiteral@@ABV0@@Z 1001b9f1 f i libvcruntime:undname.obj
 0001:0001aa13       ??H@YA?AVDName@@DABV0@@Z   1001ba13 f i libvcruntime:undname.obj
 0001:0001aa3e       ??H@YA?AVDName@@W4DNameStatus@@ABV0@@Z 1001ba3e f i libvcruntime:undname.obj
 0001:0001aa60       ??HDName@@QBE?AV0@ABUStringLiteral@@@Z 1001ba60 f   libvcruntime:undname.obj
 0001:0001aa82       ??HDName@@QBE?AV0@ABV0@@Z  1001ba82 f   libvcruntime:undname.obj
 0001:0001aaa4       ??HDName@@QBE?AV0@D@Z      1001baa4 f   libvcruntime:undname.obj
 0001:0001aac6       ??HDName@@QBE?AV0@PAV0@@Z  1001bac6 f   libvcruntime:undname.obj
 0001:0001aae8       ??HDName@@QBE?AV0@W4DNameStatus@@@Z 1001bae8 f   libvcruntime:undname.obj
 0001:0001ab0a       ??HStringLiteral@@QBE?AU0@H@Z 1001bb0a f i libvcruntime:undname.obj
 0001:0001ab24       ??YDName@@QAEAAV0@ABUStringLiteral@@@Z 1001bb24 f   libvcruntime:undname.obj
 0001:0001ab7c       ??YDName@@QAEAAV0@ABV0@@Z  1001bb7c f   libvcruntime:undname.obj
 0001:0001abd3       ??YDName@@QAEAAV0@D@Z      1001bbd3 f   libvcruntime:undname.obj
 0001:0001ac28       ??YDName@@QAEAAV0@PAV0@@Z  1001bc28 f   libvcruntime:undname.obj
 0001:0001ac8c       ??YDName@@QAEAAV0@W4DNameStatus@@@Z 1001bc8c f   libvcruntime:undname.obj
 0001:0001accc       ??YReplicator@@QAEAAV0@ABVDName@@@Z 1001bccc f   libvcruntime:undname.obj
 0001:0001ad0a       ??_5DName@@QAEAAV0@ABV0@@Z 1001bd0a f   libvcruntime:undname.obj
 0001:0001ad26       ??__K_l@@YA?AUStringLiteral@@PBDI@Z 1001bd26 f i libvcruntime:undname.obj
 0001:0001ad31       ?Constructor@_HeapManager@@QAEXP6APAXI@ZP6AXPAX@Z@Z 1001bd31 f i libvcruntime:undname.obj
 0001:0001ad4e       ?Destructor@_HeapManager@@QAEXXZ 1001bd4e f i libvcruntime:undname.obj
 0001:0001ad95       ?UScore@UnDecorator@@SA?AUStringLiteral@@W4Tokens@@@Z 1001bd95 f   libvcruntime:undname.obj
 0001:0001adbc       ?composeDeclaration@UnDecorator@@CA?AVDName@@ABV2@@Z 1001bdbc f i libvcruntime:undname.obj
 0001:0001baef       ?doAccessSpecifiers@UnDecorator@@SAHXZ 1001caef f i libvcruntime:undname.obj
 0001:0001bafd       ?doAllocationLanguage@UnDecorator@@SAHXZ 1001cafd f i libvcruntime:undname.obj
 0001:0001bb0b       ?doAllocationModel@UnDecorator@@SAHXZ 1001cb0b f i libvcruntime:undname.obj
 0001:0001bb19       ?doEcsu@UnDecorator@@SAHXZ 1001cb19 f i libvcruntime:undname.obj
 0001:0001bb27       ?doEllipsis@UnDecorator@@SAHXZ 1001cb27 f i libvcruntime:undname.obj
 0001:0001bb35       ?doFunctionReturns@UnDecorator@@SAHXZ 1001cb35 f i libvcruntime:undname.obj
 0001:0001bb43       ?doMSKeywords@UnDecorator@@SAHXZ 1001cb43 f i libvcruntime:undname.obj
 0001:0001bb50       ?doMemberTypes@UnDecorator@@SAHXZ 1001cb50 f i libvcruntime:undname.obj
 0001:0001bb5e       ?doNameOnly@UnDecorator@@SAHXZ 1001cb5e f i libvcruntime:undname.obj
 0001:0001bb69       ?doNoIdentCharCheck@UnDecorator@@SAHXZ 1001cb69 f i libvcruntime:undname.obj
 0001:0001bb74       ?doPchar@DName@@AAEXD@Z    1001cb74 f   libvcruntime:undname.obj
 0001:0001bbac       ?doPtr64@UnDecorator@@SAHXZ 1001cbac f i libvcruntime:undname.obj
 0001:0001bbba       ?doRestrictionSpec@UnDecorator@@SAHXZ 1001cbba f i libvcruntime:undname.obj
 0001:0001bbc8       ?doThisTypes@UnDecorator@@SAHXZ 1001cbc8 f i libvcruntime:undname.obj
 0001:0001bbda       ?doThrowTypes@UnDecorator@@SAHXZ 1001cbda f i libvcruntime:undname.obj
 0001:0001bbe8       ?doTypeOnly@UnDecorator@@SAHXZ 1001cbe8 f i libvcruntime:undname.obj
 0001:0001bbf3       ?doUnderScore@UnDecorator@@SAHXZ 1001cbf3 f i libvcruntime:undname.obj
 0001:0001bbfe       ?getAddressOf@UnDecorator@@CA?AVDName@@XZ 1001cbfe f   libvcruntime:undname.obj
 0001:0001bc71       ?getArgumentList@UnDecorator@@CA?AVDName@@XZ 1001cc71 f   libvcruntime:undname.obj
 0001:0001bd7e       ?getArgumentTypes@UnDecorator@@CA?AVDName@@XZ 1001cd7e f   libvcruntime:undname.obj
 0001:0001be97       ?getArrayAccess@UnDecorator@@CA?AVDName@@XZ 1001ce97 f   libvcruntime:undname.obj
 0001:0001bf16       ?getArrayObject@UnDecorator@@CA?AVDName@@XZ 1001cf16 f   libvcruntime:undname.obj
 0001:0001bfb8       ?getArrayType@UnDecorator@@CA?AVDName@@ABV2@@Z 1001cfb8 f i libvcruntime:undname.obj
 0001:0001c155       ?getBasedType@UnDecorator@@CA?AVDName@@XZ 1001d155 f   libvcruntime:undname.obj
 0001:0001c210       ?getBasicDataType@UnDecorator@@CA?AVDName@@ABV2@@Z 1001d210 f   libvcruntime:undname.obj
 0001:0001c744       ?getCHPEName@UnDecorator@@QAEPADPADH@Z 1001d744 f i libvcruntime:undname.obj
 0001:0001c821       ?getCallIndex@UnDecorator@@CA?AVDName@@XZ 1001d821 f i libvcruntime:undname.obj
 0001:0001c835       ?getCallingConvention@UnDecorator@@CA?AVDName@@XZ 1001d835 f   libvcruntime:undname.obj
 0001:0001c912       ?getDataIndirectType@UnDecorator@@CA?AVDName@@ABV2@W4IndirectionKind@@0H@Z 1001d912 f   libvcruntime:undname.obj
 0001:0001cfa8       ?getDataIndirectType@UnDecorator@@CA?AVDName@@XZ 1001dfa8 f i libvcruntime:undname.obj
 0001:0001cfd6       ?getDataType@UnDecorator@@CA?AVDName@@PAV2@@Z 1001dfd6 f   libvcruntime:undname.obj
 0001:0001d0ad       ?getDecoratedName@UnDecorator@@CA?AVDName@@XZ 1001e0ad f   libvcruntime:undname.obj
 0001:0001d317       ?getDimension@UnDecorator@@CA?AVDName@@_N@Z 1001e317 f   libvcruntime:undname.obj
 0001:0001d42e       ?getDispatchTarget@UnDecorator@@CA?AVDName@@XZ 1001e42e f   libvcruntime:undname.obj
 0001:0001d482       ?getDisplacement@UnDecorator@@CA?AVDName@@XZ 1001e482 f i libvcruntime:undname.obj
 0001:0001d496       ?getECSUDataType@UnDecorator@@CA?AVDName@@XZ 1001e496 f   libvcruntime:undname.obj
 0001:0001d626       ?getECSUName@UnDecorator@@CA?AVDName@@XZ 1001e626 f i libvcruntime:undname.obj
 0001:0001d637       ?getEnumType@UnDecorator@@CA?AVDName@@XZ 1001e637 f i libvcruntime:undname.obj
 0001:0001d757       ?getExtendedDataIndirectType@UnDecorator@@CA?AVDName@@AAW4IndirectionKind@@AA_NH@Z 1001e757 f   libvcruntime:undname.obj
 0001:0001d90a       ?getExternalDataType@UnDecorator@@CA?AVDName@@ABV2@@Z 1001e90a f i libvcruntime:undname.obj
 0001:0001d96f       ?getFloatingPoint@UnDecorator@@CA?AVDName@@H@Z 1001e96f f   libvcruntime:undname.obj
 0001:0001da63       ?getFunctionIndirectType@UnDecorator@@CA?AVDName@@ABV2@@Z 1001ea63 f   libvcruntime:undname.obj
 0001:0001de1c       ?getGuardNumber@UnDecorator@@CA?AVDName@@XZ 1001ee1c f i libvcruntime:undname.obj
 0001:0001de30       ?getLastChar@DName@@QBEDXZ 1001ee30 f i libvcruntime:undname.obj
 0001:0001de50       ?getLastChar@DNameStatusNode@@UBEDXZ 1001ee50 f i libvcruntime:undname.obj
 0001:0001de5c       ?getLastChar@charNode@@UBEDXZ 1001ee5c f i libvcruntime:undname.obj
 0001:0001de60       ?getLastChar@pDNameNode@@UBEDXZ 1001ee60 f i libvcruntime:undname.obj
 0001:0001de6e       ?getLastChar@pairNode@@UBEDXZ 1001ee6e f i libvcruntime:undname.obj
 0001:0001dea3       ?getLastChar@pcharNode@@UBEDXZ 1001eea3 f i libvcruntime:undname.obj
 0001:0001deb5       ?getLexicalFrame@UnDecorator@@CA?AVDName@@XZ 1001eeb5 f i libvcruntime:undname.obj
 0001:0001dee6       ?getMemberAccess@UnDecorator@@CA?AVDName@@XZ 1001eee6 f   libvcruntime:undname.obj
 0001:0001df61       ?getMemoryWithBuffer@_HeapManager@@QAEPAXI@Z 1001ef61 f   libvcruntime:undname.obj
 0001:0001dfcb       ?getMemoryWithoutBuffer@_HeapManager@@QAEPAXI@Z 1001efcb f   libvcruntime:undname.obj
 0001:0001dfeb       ?getNoexcept@UnDecorator@@CA?AVDName@@XZ 1001efeb f   libvcruntime:undname.obj
 0001:0001e03f       ?getNumberOfDimensions@UnDecorator@@CAHXZ 1001f03f f   libvcruntime:undname.obj
 0001:0001e0a0       ?getOperatorName@UnDecorator@@CA?AVDName@@_NPA_N@Z 1001f0a0 f i libvcruntime:undname.obj
 0001:0001e806       ?getPointerToMember@UnDecorator@@CA?AVDName@@XZ 1001f806 f   libvcruntime:undname.obj
 0001:0001e8c1       ?getPointerType@UnDecorator@@CA?AVDName@@ABV2@0@Z 1001f8c1 f i libvcruntime:undname.obj
 0001:0001e8dc       ?getPointerTypeArray@UnDecorator@@CA?AVDName@@ABV2@0@Z 1001f8dc f i libvcruntime:undname.obj
 0001:0001e8f7       ?getPrimaryDataType@UnDecorator@@CA?AVDName@@ABV2@@Z 1001f8f7 f   libvcruntime:undname.obj
 0001:0001eb46       ?getPtrRefDataType@UnDecorator@@CA?AVDName@@ABV2@H@Z 1001fb46 f   libvcruntime:undname.obj
 0001:0001ecb3       ?getPtrRefType@UnDecorator@@CA?AVDName@@ABV2@0W4IndirectionKind@@@Z 1001fcb3 f   libvcruntime:undname.obj
 0001:0001edc4       ?getReferenceType@UnDecorator@@CA?AVDName@@ABV2@0W4IndirectionKind@@@Z 1001fdc4 f i libvcruntime:undname.obj
 0001:0001ede0       ?getRestrictionSpec@UnDecorator@@CA?AVDName@@XZ 1001fde0 f   libvcruntime:undname.obj
 0001:0001ef08       ?getReturnType@UnDecorator@@CA?AVDName@@PAV2@@Z 1001ff08 f   libvcruntime:undname.obj
 0001:0001ef37       ?getScope@UnDecorator@@CA?AVDName@@XZ 1001ff37 f   libvcruntime:undname.obj
 0001:0001f2e9       ?getScopedName@UnDecorator@@CA?AVDName@@XZ 100202e9 f   libvcruntime:undname.obj
 0001:0001f3d4       ?getSignedDimension@UnDecorator@@CA?AVDName@@XZ 100203d4 f   libvcruntime:undname.obj
 0001:0001f425       ?getStorageConvention@UnDecorator@@CA?AVDName@@XZ 10020425 f i libvcruntime:undname.obj
 0001:0001f436       ?getString@DName@@QBEPADPAD0@Z 10020436 f i libvcruntime:undname.obj
 0001:0001f463       ?getString@DName@@QBEPADPADH@Z 10020463 f i libvcruntime:undname.obj
 0001:0001f4b8       ?getString@DNameStatusNode@@UBEPADPAD0@Z 100204b8 f i libvcruntime:undname.obj
 0001:0001f4fe       ?getString@charNode@@UBEPADPAD0@Z 100204fe f i libvcruntime:undname.obj
 0001:0001f513       ?getString@pDNameNode@@UBEPADPAD0@Z 10020513 f i libvcruntime:undname.obj
 0001:0001f52a       ?getString@pairNode@@UBEPADPAD0@Z 1002052a f i libvcruntime:undname.obj
 0001:0001f570       ?getString@pcharNode@@UBEPADPAD0@Z 10020570 f i libvcruntime:undname.obj
 0001:0001f58b       ?getStringEncoding@UnDecorator@@CA?AVDName@@W4PrefixKind@@H@Z 1002058b f   libvcruntime:undname.obj
 0001:0001f643       ?getStringHelper@@YAPADPADPBD1H@Z 10020643 f i libvcruntime:undname.obj
 0001:0001f66d       ?getStringObject@UnDecorator@@CA?AVDName@@XZ 1002066d f   libvcruntime:undname.obj
 0001:0001f6c4       ?getSymbolName@UnDecorator@@CA?AVDName@@XZ 100206c4 f i libvcruntime:undname.obj
 0001:0001f70c       ?getTemplateArgumentList@UnDecorator@@CA?AVDName@@XZ 1002070c f   libvcruntime:undname.obj
 0001:0001f8c8       ?getTemplateName@UnDecorator@@CA?AVDName@@_N@Z 100208c8 f   libvcruntime:undname.obj
 0001:0001fa29       ?getTemplateNonTypeArgument@UnDecorator@@CA?AVDName@@XZ 10020a29 f   libvcruntime:undname.obj
 0001:0001fddd       ?getTemplateTypeArgument@UnDecorator@@CA?AVDName@@XZ 10020ddd f   libvcruntime:undname.obj
 0001:0001fee3       ?getThisType@UnDecorator@@CA?AVDName@@XZ 10020ee3 f i libvcruntime:undname.obj
 0001:0001ff12       ?getThrowTypes@UnDecorator@@CA?AVDName@@XZ 10020f12 f   libvcruntime:undname.obj
 0001:0001ff35       ?getTypeEncoding@UnDecorator@@CAHXZ 10020f35 f i libvcruntime:undname.obj
 0001:00020295       ?getUndecoratedName@UnDecorator@@QAEPADPADH@Z 10021295 f i libvcruntime:undname.obj
 0001:000203b4       ?getUnionObject@UnDecorator@@CA?AVDName@@XZ 100213b4 f   libvcruntime:undname.obj
 0001:00020463       ?getVCallThunkType@UnDecorator@@CA?AVDName@@XZ 10021463 f i libvcruntime:undname.obj
 0001:000204b9       ?getValue@UnDecorator@@CA?AV?$optional@_K@std@@XZ 100214b9 f   libvcruntime:undname.obj
 0001:00020527       ?getValueObject@UnDecorator@@CA?AVDName@@XZ 10021527 f   libvcruntime:undname.obj
 0001:0002063f       ?getVbTableType@UnDecorator@@CA?AVDName@@ABV2@@Z 1002163f f i libvcruntime:undname.obj
 0001:00020654       ?getVdispMapType@UnDecorator@@CA?AVDName@@ABV2@@Z 10021654 f i libvcruntime:undname.obj
 0001:000206b5       ?getVfTableType@UnDecorator@@CA?AVDName@@ABV2@@Z 100216b5 f i libvcruntime:undname.obj
 0001:0002080b       ?getZName@UnDecorator@@CA?AVDName@@_N0@Z 1002180b f   libvcruntime:undname.obj
 0001:00020a20       ?haveTemplateParameters@UnDecorator@@SAHXZ 10021a20 f i libvcruntime:undname.obj
 0001:00020a2b       ?isArray@DName@@QBEHXZ     10021a2b f i libvcruntime:undname.obj
 0001:00020a35       ?isComArray@DName@@QBEHXZ  10021a35 f i libvcruntime:undname.obj
 0001:00020a3f       ?isEmpty@DName@@QBEHXZ     10021a3f f i libvcruntime:undname.obj
 0001:00020a47       ?isFull@Replicator@@QBEHXZ 10021a47 f i libvcruntime:undname.obj
 0001:00020a50       ?isNoTE@DName@@QBEHXZ      10021a50 f i libvcruntime:undname.obj
 0001:00020a5a       ?isPinPtr@DName@@QBEHXZ    10021a5a f i libvcruntime:undname.obj
 0001:00020a64       ?isPtrRef@DName@@QBEHXZ    10021a64 f i libvcruntime:undname.obj
 0001:00020a6e       ?isUDC@DName@@QBEHXZ       10021a6e f i libvcruntime:undname.obj
 0001:00020a7f       ?isUDTThunk@DName@@QBEHXZ  10021a7f f i libvcruntime:undname.obj
 0001:00020a90       ?isVCallThunk@DName@@QBEHXZ 10021a90 f i libvcruntime:undname.obj
 0001:00020a9a       ?isValid@DName@@QBEHXZ     10021a9a f i libvcruntime:undname.obj
 0001:00020aa4       ?length@DName@@QBEHXZ      10021aa4 f i libvcruntime:undname.obj
 0001:00020ac3       ?length@DNameStatusNode@@UBEHXZ 10021ac3 f i libvcruntime:undname.obj
 0001:00020ac7       ?length@charNode@@UBEHXZ   10021ac7 f i libvcruntime:undname.obj
 0001:00020acb       ?length@pDNameNode@@UBEHXZ 10021acb f i libvcruntime:undname.obj
 0001:00020ad9       ?length@pairNode@@UBEHXZ   10021ad9 f i libvcruntime:undname.obj
 0001:00020b22       ?length@pcharNode@@UBEHXZ  10021b22 f i libvcruntime:undname.obj
 0001:00020b26       ?make@DNameStatusNode@@SAPBV1@W4DNameStatus@@@Z 10021b26 f i libvcruntime:undname.obj
 0001:00020b42       ?parseDecoratedName@UnDecorator@@CA?AVDName@@XZ 10021b42 f   libvcruntime:undname.obj
 0001:00020c3c       ?raw_length@DNameStatusNode@@UBEHXZ 10021c3c f i libvcruntime:undname.obj
 0001:00020c40       ?raw_length@charNode@@UBEHXZ 10021c40 f i libvcruntime:undname.obj
 0001:00020c44       ?raw_length@pDNameNode@@UBEHXZ 10021c44 f i libvcruntime:undname.obj
 0001:00020c48       ?raw_length@pairNode@@UBEHXZ 10021c48 f i libvcruntime:undname.obj
 0001:00020c4c       ?raw_length@pcharNode@@UBEHXZ 10021c4c f i libvcruntime:undname.obj
 0001:00020c50       ?setIsArray@DName@@QAEXXZ  10021c50 f i libvcruntime:undname.obj
 0001:00020c58       ?setIsComArray@DName@@QAEXXZ 10021c58 f i libvcruntime:undname.obj
 0001:00020c60       ?setIsNoTE@DName@@QAEXXZ   10021c60 f i libvcruntime:undname.obj
 0001:00020c68       ?setIsPinPtr@DName@@QAEXXZ 10021c68 f i libvcruntime:undname.obj
 0001:00020c70       ?setIsUDC@DName@@QAEXXZ    10021c70 f i libvcruntime:undname.obj
 0001:00020c7d       ?setIsVCallThunk@DName@@QAEXXZ 10021c7d f i libvcruntime:undname.obj
 0001:00020c85       ?setPtrRef@DName@@QAEAAV1@XZ 10021c85 f i libvcruntime:undname.obj
 0001:00020c8f       ?status@DName@@QBE?AW4DNameStatus@@XZ 10021c8f f i libvcruntime:undname.obj
 0001:00020cfb       ___unDName                 10021cfb f   libvcruntime:undname.obj
 0001:00020d1e       ___unDNameEx               10021d1e f   libvcruntime:undname.obj
 0001:00020dbd       __vsprintf_s_l             10021dbd f i libvcruntime:undname.obj
 0001:00020dea       _sprintf_s                 10021dea f i libvcruntime:undname.obj
 0001:00020e06       _unDNameGenerateCHPE       10021e06 f   libvcruntime:undname.obj
 0001:00020ea3       ??$?RU__vcrt_ptd@@@__crt_internal_free_policy@@QBEXQBU__vcrt_ptd@@@Z 10021ea3 f i libvcruntime:per_thread_data.obj
 0001:00020eb3       ??0?$__crt_unique_heap_ptr@U__vcrt_ptd@@U__crt_internal_free_policy@@@@QAE@QAU__vcrt_ptd@@@Z 10021eb3 f i libvcruntime:per_thread_data.obj
 0001:00020ed0       ??1?$__crt_unique_heap_ptr@U__vcrt_ptd@@U__crt_internal_free_policy@@@@QAE@XZ 10021ed0 f i libvcruntime:per_thread_data.obj
 0001:00020ee9       ??B?$__crt_unique_heap_ptr@U__vcrt_ptd@@U__crt_internal_free_policy@@@@QBE_NXZ 10021ee9 f i libvcruntime:per_thread_data.obj
 0001:00020ef0       ?detach@?$__crt_unique_heap_ptr@U__vcrt_ptd@@U__crt_internal_free_policy@@@@QAEPAU__vcrt_ptd@@XZ 10021ef0 f i libvcruntime:per_thread_data.obj
 0001:00020ef6       ?get@?$__crt_unique_heap_ptr@U__vcrt_ptd@@U__crt_internal_free_policy@@@@QBEPAU__vcrt_ptd@@XZ 10021ef6 f i libvcruntime:per_thread_data.obj
 0001:00020ef9       ?is_valid@?$__crt_unique_heap_ptr@U__vcrt_ptd@@U__crt_internal_free_policy@@@@QBE_NXZ 10021ef9 f i libvcruntime:per_thread_data.obj
 0001:00020f00       ?release@?$__crt_unique_heap_ptr@U__vcrt_ptd@@U__crt_internal_free_policy@@@@QAEXXZ 10021f00 f i libvcruntime:per_thread_data.obj
 0001:00020f2a       ___vcrt_freefls@4          10021f2a f   libvcruntime:per_thread_data.obj
 0001:00020f46       ___vcrt_freeptd            10021f46 f   libvcruntime:per_thread_data.obj
 0001:00020f7c       ___vcrt_getptd             10021f7c f   libvcruntime:per_thread_data.obj
 0001:00020f8a       ___vcrt_getptd_noexit      10021f8a f   libvcruntime:per_thread_data.obj
 0001:0002101c       ___vcrt_getptd_noinit      1002201c f   libvcruntime:per_thread_data.obj
 0001:00021053       ___vcrt_initialize_ptd     10022053 f   libvcruntime:per_thread_data.obj
 0001:00021086       ___vcrt_uninitialize_ptd   10022086 f   libvcruntime:per_thread_data.obj
 0001:000210a1       ___vcrt_initialize_locks   100220a1 f   libvcruntime:locks.obj
 0001:000210dd       ___vcrt_lock               100220dd f   libvcruntime:locks.obj
 0001:000210f2       ___vcrt_uninitialize_locks 100220f2 f   libvcruntime:locks.obj
 0001:00021121       ___vcrt_unlock             10022121 f   libvcruntime:locks.obj
 0001:00021140       __global_unwind2           10022140 f   libvcruntime:exsup.obj
 0001:000211c0       __local_unwind2            100221c0 f   libvcruntime:exsup.obj
 0001:00021260       __abnormal_termination     10022260 f   libvcruntime:exsup.obj
 0001:00021290       __NLG_Notify1              10022290 f   libvcruntime:exsup.obj
 0001:000212a0       __NLG_Notify               100222a0 f   libvcruntime:exsup.obj
 0001:000212b7       __NLG_Dispatch2            100222b7     libvcruntime:exsup.obj
 0001:000212b7       __NLG_Dispatch             100222b7     libvcruntime:exsup.obj
 0001:000212c0       __NLG_Call                 100222c0 f   libvcruntime:exsup.obj
 0001:000212c2       __NLG_Return2              100222c2     libvcruntime:exsup.obj
 0001:000212c3       ??$__crt_interlocked_exchange_pointer@$$A6AXXZP6AXXZ@@YAP6AXXZPDS6AXXZQ6AXXZ@Z 100222c3 f i libvcruntime:purevirt.obj
 0001:000212d0       ??$__crt_interlocked_read_pointer@$$A6AXXZ@@YAP6AXXZPDS6AXXZ@Z 100222d0 f i libvcruntime:purevirt.obj
 0001:000212da       __get_purecall_handler     100222da f   libvcruntime:purevirt.obj
 0001:000212e0       __purecall                 100222e0 f   libvcruntime:purevirt.obj
 0001:000212fc       __set_purecall_handler     100222fc f   libvcruntime:purevirt.obj
 0001:0002130b       ??$?0AAViterator@TryBlockMap@__FrameHandler3@@AAV012@$0A@@?$pair@Viterator@TryBlockMap@__FrameHandler3@@V123@@std@@QAE@AAViterator@TryBlockMap@__FrameHandler3@@0@Z 1002230b f i libvcruntime:trnsctrl.obj
 0001:0002132f       ??$forward@AAViterator@TryBlockMap@__FrameHandler3@@@std@@YAAAViterator@TryBlockMap@__FrameHandler3@@AAV123@@Z 1002232f f i libvcruntime:trnsctrl.obj
 0001:00021337       ??0iterator@TryBlockMap@__FrameHandler3@@QAE@AAV12@I@Z 10022337 f i libvcruntime:trnsctrl.obj
 0001:0002134b       ?GetRangeOfTrysToCheck@__FrameHandler3@@SA?AU?$pair@Viterator@TryBlockMap@__FrameHandler3@@V123@@std@@AAVTryBlockMap@1@HPAXPBU_s_FuncInfo@@H@Z 1002234b f   libvcruntime:trnsctrl.obj
 0001:000213bb       ?_CallCatchBlock2@@YAPAXPAUEHRegistrationNode@@PBU_s_FuncInfo@@PAXHK@Z 100223bb f   libvcruntime:trnsctrl.obj
 0001:00021418       ?_CallSETranslator@@YAHPAUEHExceptionRecord@@PAUEHRegistrationNode@@PAX2PBU_s_FuncInfo@@H1@Z 10022418 f   libvcruntime:trnsctrl.obj
 0001:0002150e       ?_JumpToContinuation@@YGXPAXPAUEHRegistrationNode@@@Z 1002250e f   libvcruntime:trnsctrl.obj
 0001:0002153e       ?_UnwindNestedFrames@@YGXPAUEHRegistrationNode@@PAUEHExceptionRecord@@@Z 1002253e f   libvcruntime:trnsctrl.obj
 0001:00021591       __CatchGuardHandler        10022591 f   libvcruntime:trnsctrl.obj
 0001:000215c2       __CreateFrameInfo          100225c2 f   libvcruntime:trnsctrl.obj
 0001:000215e6       __FindAndUnlinkFrame       100225e6 f   libvcruntime:trnsctrl.obj
 0001:0002162e       __TranslatorGuardHandler   1002262e f   libvcruntime:trnsctrl.obj
 0001:000216cb       ___CxxFrameHandler         100226cb f   libvcruntime:trnsctrl.obj
 0001:00021701       ___CxxFrameHandler2        10022701 f   libvcruntime:trnsctrl.obj
 0001:00021737       ___CxxFrameHandler3        10022737 f   libvcruntime:trnsctrl.obj
 0001:0002176d       ___CxxLongjmpUnwind@4      1002276d f   libvcruntime:trnsctrl.obj
 0001:00021792       ??$__crt_interlocked_exchange_pointer@UHINSTANCE__@@PAU1@@@YAPAUHINSTANCE__@@PDSAU0@QAU0@@Z 10022792 f i libvcruntime:winapi_downlevel.obj
 0001:0002179f       ??$__crt_interlocked_exchange_pointer@UHINSTANCE__@@PAX@@YAPAUHINSTANCE__@@PDSAU0@QAX@Z 1002279f f i libvcruntime:winapi_downlevel.obj
 0001:000217ac       ??$__crt_interlocked_exchange_pointer@XPAX@@YAPAXPDSAXQAX@Z 100227ac f i libvcruntime:winapi_downlevel.obj
 0001:000217b9       ??$__crt_interlocked_read_pointer@UHINSTANCE__@@@@YAPAUHINSTANCE__@@PDSAU0@@Z 100227b9 f i libvcruntime:winapi_downlevel.obj
 0001:000217c3       ??$__crt_interlocked_read_pointer@X@@YAPAXPDSAX@Z 100227c3 f i libvcruntime:winapi_downlevel.obj
 0001:000219f2       ___vcrt_FlsAlloc           100229f2 f   libvcruntime:winapi_downlevel.obj
 0001:00021a2d       ___vcrt_FlsFree            10022a2d f   libvcruntime:winapi_downlevel.obj
 0001:00021a68       ___vcrt_FlsGetValue        10022a68 f   libvcruntime:winapi_downlevel.obj
 0001:00021aa3       ___vcrt_FlsSetValue        10022aa3 f   libvcruntime:winapi_downlevel.obj
 0001:00021ae1       ___vcrt_InitializeCriticalSectionEx 10022ae1 f   libvcruntime:winapi_downlevel.obj
 0001:0002225f       ??$TypeMatchHelper@V__FrameHandler3@@@@YAHPBU_s_HandlerType@@PBU_s_CatchableType@@PBU_s_ThrowInfo@@@Z 1002325f f i libvcruntime:frame.obj
 0001:000222ed       ??$__InternalCxxFrameHandler@V__FrameHandler3@@@@YA?AW4_EXCEPTION_DISPOSITION@@PAUEHExceptionRecord@@PAUEHRegistrationNode@@PAU_CONTEXT@@PAXPBU_s_FuncInfo@@H1E@Z 100232ed f i libvcruntime:frame.obj
 0001:000223ef       ??0HandlerMap@__FrameHandler3@@QAE@PBU_s_TryBlockMapEntry@@II@Z 100233ef f i libvcruntime:frame.obj
 0001:00022406       ??0TryBlockMap@__FrameHandler3@@QAE@PBU_s_FuncInfo@@I@Z 10023406 f i libvcruntime:frame.obj
 0001:0002241a       ??0bad_exception@std@@QAE@ABV01@@Z 1002341a f i libvcruntime:frame.obj
 0001:00022435       ??0bad_exception@std@@QAE@XZ 10023435 f i libvcruntime:frame.obj
 0001:0002244d       ??0exception@std@@QAE@ABV01@@Z 1002344d f i libvcruntime:frame.obj
 0001:00022479       ??0exception@std@@QAE@QBDH@Z 10023479 f i libvcruntime:frame.obj
 0001:00022496       ??0iterator@HandlerMap@__FrameHandler3@@QAE@AAV12@I@Z 10023496 f i libvcruntime:frame.obj
 0001:000224aa       ??1bad_exception@std@@UAE@XZ 100234aa f i libvcruntime:frame.obj
 0001:000224bb       ??1exception@std@@UAE@XZ   100234bb f i libvcruntime:frame.obj
 0001:000224cc       ??8iterator@HandlerMap@__FrameHandler3@@QBE_NABV012@@Z 100234cc f i libvcruntime:frame.obj
 0001:000224df       ??8type_info@@QBE_NABV0@@Z 100234df f i libvcruntime:frame.obj
 0001:000224fe       ??9iterator@HandlerMap@__FrameHandler3@@QBE_NABV012@@Z 100234fe f i libvcruntime:frame.obj
 0001:00022511       ??Diterator@HandlerMap@__FrameHandler3@@QAE?BU_s_HandlerType@@XZ 10023511 f i libvcruntime:frame.obj
 0001:00022530       ??Diterator@TryBlockMap@__FrameHandler3@@QAE?BU_s_TryBlockMapEntry@@XZ 10023530 f i libvcruntime:frame.obj
 0001:00022552       ??Eiterator@HandlerMap@__FrameHandler3@@QAEAAV012@XZ 10023552 f i libvcruntime:frame.obj
 0001:00022558       ??Eiterator@TryBlockMap@__FrameHandler3@@QAEAAV012@XZ 10023558 f i libvcruntime:frame.obj
 0001:0002255e       ??Miterator@TryBlockMap@__FrameHandler3@@QBE_NABV012@@Z 1002355e f i libvcruntime:frame.obj
 0001:00022571       ??_Gbad_exception@std@@UAEPAXI@Z 10023571 f i libvcruntime:frame.obj
 0001:00022571       ??_Ebad_exception@std@@UAEPAXI@Z 10023571 f i libvcruntime:frame.obj
 0001:0002259e       ??_Gexception@std@@UAEPAXI@Z 1002359e f i libvcruntime:frame.obj
 0001:0002259e       ??_Eexception@std@@UAEPAXI@Z 1002359e f i libvcruntime:frame.obj
 0001:000225cb       ?BuildCatchObject@__FrameHandler3@@SAXPAUEHExceptionRecord@@PAXPBU_s_HandlerType@@PBU_s_CatchableType@@@Z 100235cb f   libvcruntime:frame.obj
 0001:000225d0       ?BuildCatchObjectHelper@__FrameHandler3@@SAHPAUEHExceptionRecord@@PAXPBU_s_HandlerType@@PBU_s_CatchableType@@@Z 100235d0 f   libvcruntime:frame.obj
 0001:00022826       ?FrameUnwindToEmptyState@__FrameHandler3@@SAXPAUEHRegistrationNode@@PAXPBU_s_FuncInfo@@@Z 10023826 f   libvcruntime:frame.obj
 0001:0002283e       ?FrameUnwindToState@__FrameHandler3@@SAXPAUEHRegistrationNode@@PAXPBU_s_FuncInfo@@H@Z 1002383e f   libvcruntime:frame.obj
 0001:00022926       ?GetMaxState@__FrameHandler3@@SAHPAXPBU_s_FuncInfo@@@Z 10023926 f i libvcruntime:frame.obj
 0001:00022a04       ?TypeMatch@__FrameHandler3@@SAHPBU_s_HandlerType@@PBU_s_CatchableType@@PBU_s_ThrowInfo@@@Z 10023a04 f   libvcruntime:frame.obj
 0001:00022a0d       ?_CallMemberFunction1@@YGXQAX00@Z 10023a0d f i libvcruntime:frame.obj
 0001:00022a1d       ?_CallMemberFunction2@@YGXQAX00H@Z 10023a1d f i libvcruntime:frame.obj
 0001:00022a30       ?begin@HandlerMap@__FrameHandler3@@QAE?AViterator@12@XZ 10023a30 f i libvcruntime:frame.obj
 0001:00022a40       ?end@HandlerMap@__FrameHandler3@@QAE?AViterator@12@XZ 10023a40 f i libvcruntime:frame.obj
 0001:00022a51       ?getESTypes@__FrameHandler3@@SAPBU_s_ESTypeList@@PBU_s_FuncInfo@@@Z 10023a51 f i libvcruntime:frame.obj
 0001:00022a5c       ?getLastEntry@HandlerMap@__FrameHandler3@@QAEPBU_s_HandlerType@@XZ 10023a5c f i libvcruntime:frame.obj
 0001:00022a6a       ?getMagicNum@__FrameHandler3@@SAIPBU_s_FuncInfo@@@Z 10023a6a f i libvcruntime:frame.obj
 0001:00022a79       ?getNumTryBlocks@TryBlockMap@__FrameHandler3@@QAEIXZ 10023a79 f i libvcruntime:frame.obj
 0001:00022a7f       ?isEHs@__FrameHandler3@@SA_NPBU_s_FuncInfo@@@Z 10023a7f f i libvcruntime:frame.obj
 0001:00022a8c       ?isNoExcept@__FrameHandler3@@SA_NPBU_s_FuncInfo@@@Z 10023a8c f i libvcruntime:frame.obj
 0001:00022a9c       ?what@exception@std@@UBEPBDXZ 10023a9c f i libvcruntime:frame.obj
 0001:00022aa9       ___BuildCatchObject        10023aa9 f   libvcruntime:frame.obj
 0001:00022aae       ___BuildCatchObjectHelper  10023aae f   libvcruntime:frame.obj
 0001:00022ab7       ___TypeMatch               10023ab7 f   libvcruntime:frame.obj
 0001:00022ac0       ___vcrt_EncodePointer      10023ac0 f i libvcruntime:frame.obj
 0001:00022ad0       __CallSettingFrame@12      10023ad0 f   libvcruntime:lowhelpr.obj
 0001:00022af7       __NLG_Return               10023af7     libvcruntime:lowhelpr.obj
 0001:00022b30       __get_unexpected           10023b30 f   libvcruntime:unexpected.obj
 0001:00022b42       _set_unexpected            10023b42 f   libvcruntime:unexpected.obj
 0001:00022b60       _unexpected                10023b60 f   libvcruntime:unexpected.obj
[...]
 0002:00012ab4       $N00065                    10080ab4     DttSP.exp
 0002:00012aca       $N00066                    10080aca     DttSP.exp
 0002:00012ad6       $N00067                    10080ad6     DttSP.exp
 0002:00012ae2       $N00068                    10080ae2     DttSP.exp
 0002:00012af0       $N00069                    10080af0     DttSP.exp
 0002:00012aff       $N00070                    10080aff     DttSP.exp
 0002:00012b0b       $N00071                    10080b0b     DttSP.exp
 0002:00012b19       $N00072                    10080b19     DttSP.exp
 0002:00012b27       $N00073                    10080b27     DttSP.exp
 0002:00012b35       $N00074                    10080b35     DttSP.exp
 0002:00012b44       $N00075                    10080b44     DttSP.exp
 0002:00012b51       $N00076                    10080b51     DttSP.exp
 0002:00012b5d       $N00077                    10080b5d     DttSP.exp
 0002:00012b6f       $N00078                    10080b6f     DttSP.exp
 0002:00012b7b       $N00079                    10080b7b     DttSP.exp
 0002:00012b8c       $N00080                    10080b8c     DttSP.exp
 0002:00012b99       $N00081                    10080b99     DttSP.exp
 0002:00012ba6       $N00082                    10080ba6     DttSP.exp
 0002:00012bbd       $N00083                    10080bbd     DttSP.exp
 0002:00012bcc       $N00084                    10080bcc     DttSP.exp
 0002:00012bd9       $N00085                    10080bd9     DttSP.exp
 0002:00012bed       $N00086                    10080bed     DttSP.exp
 0002:00012bfa       $N00087                    10080bfa     DttSP.exp
 0002:00012c0c       $N00088                    10080c0c     DttSP.exp
 0002:00012c1b       $N00089                    10080c1b     DttSP.exp
 0002:00012c2e       $N00090                    10080c2e     DttSP.exp
 0002:00012c3c       $N00091                    10080c3c     DttSP.exp
 0002:00012c4b       $N00092                    10080c4b     DttSP.exp
 0002:00012c53       $N00093                    10080c53     DttSP.exp
 0002:00012c59       $N00094                    10080c59     DttSP.exp
 0002:00012c63       $N00095                    10080c63     DttSP.exp
 0002:00012c69       $N00096                    10080c69     DttSP.exp
 0002:00012c73       $N00097                    10080c73     DttSP.exp
 0002:00012c7f       $N00098                    10080c7f     DttSP.exp
 0002:00012c8b       $N00099                    10080c8b     DttSP.exp
 0002:00012c96       $N00100                    10080c96     DttSP.exp
 0002:00012c9f       $N00101                    10080c9f     DttSP.exp
 0002:00012cae       $N00102                    10080cae     DttSP.exp
 0002:00012cbc       $N00103                    10080cbc     DttSP.exp
 0002:00012cc9       $N00104                    10080cc9     DttSP.exp
 0002:00012cdf       $N00105                    10080cdf     DttSP.exp
 0002:00012ced       $N00106                    10080ced     DttSP.exp
 0002:00012cf9       $N00107                    10080cf9     DttSP.exp
 0002:00012d06       $N00108                    10080d06     DttSP.exp
 0002:00012d17       $N00109                    10080d17     DttSP.exp
 0002:00012d28       $N00110                    10080d28     DttSP.exp
 0002:00012d34       $N00111                    10080d34     DttSP.exp
 0002:00012d47       $N00112                    10080d47     DttSP.exp
 0002:00012d5e       $N00113                    10080d5e     DttSP.exp
 0002:00012d73       $N00114                    10080d73     DttSP.exp
 0002:00012d7c       $N00115                    10080d7c     DttSP.exp
 0002:00012d8c       $N00116                    10080d8c     DttSP.exp
 0002:00012d95       $N00117                    10080d95     DttSP.exp
 0002:00012da9       $N00118                    10080da9     DttSP.exp
 0002:00012db7       $N00119                    10080db7     DttSP.exp
 0002:00012dc0       $N00120                    10080dc0     DttSP.exp
 0002:00012dcd       $N00121                    10080dcd     DttSP.exp
 0002:00012ddb       $N00122                    10080ddb     DttSP.exp
 0002:00012df0       $N00123                    10080df0     DttSP.exp
 0002:00012e00       $N00124                    10080e00     DttSP.exp
 0002:00012e0e       $N00125                    10080e0e     DttSP.exp
 0002:00012e19       $N00126                    10080e19     DttSP.exp
 0002:00012e25       $N00127                    10080e25     DttSP.exp
 0002:00012e37       $N00128                    10080e37     DttSP.exp
 0002:00012e3e       $N00129                    10080e3e     DttSP.exp
 0002:00012e52       $N00130                    10080e52     DttSP.exp
 0002:00012e5d       $N00131                    10080e5d     DttSP.exp
 0002:00012e73       $N00132                    10080e73     DttSP.exp
 0002:00012e82       $N00133                    10080e82     DttSP.exp
 0002:00012e8e       $N00134                    10080e8e     DttSP.exp
 0002:00012e9c       $N00135                    10080e9c     DttSP.exp
 0002:00012ea9       $N00136                    10080ea9     DttSP.exp
 0002:00012ebd       $N00137                    10080ebd     DttSP.exp
 0002:00012eca       $N00138                    10080eca     DttSP.exp
 0002:00012ed9       $N00139                    10080ed9     DttSP.exp
 0002:00012ee6       $N00140                    10080ee6     DttSP.exp
 0002:00012ef6       $N00141                    10080ef6     DttSP.exp
 0002:00012f07       $N00142                    10080f07     DttSP.exp
 0002:00012f13       $N00143                    10080f13     DttSP.exp
 0002:00012f26       $N00144                    10080f26     DttSP.exp
 0002:00012f38       $N00145                    10080f38     DttSP.exp
 0002:00012f49       $N00146                    10080f49     DttSP.exp
 0002:00012f58       $N00147                    10080f58     DttSP.exp
 0002:00012f68       $N00148                    10080f68     DttSP.exp
 0002:00012f71       $N00149                    10080f71     DttSP.exp
 0002:00012f81       $N00150                    10080f81     DttSP.exp
 0002:00012f90       $N00151                    10080f90     DttSP.exp
 0002:00012fa0       $N00152                    10080fa0     DttSP.exp
 0002:00012fad       $N00153                    10080fad     DttSP.exp
 0002:00012fb9       $N00154                    10080fb9     DttSP.exp
 0002:00012fd1       $N00155                    10080fd1     DttSP.exp
 0002:00012fdd       $N00156                    10080fdd     DttSP.exp
 0002:00012fe7       $N00157                    10080fe7     DttSP.exp
 0002:00012ff1       $N00158                    10080ff1     DttSP.exp
 0002:00012ffc       $N00159                    10080ffc     DttSP.exp
 0002:00013006       $N00160                    10081006     DttSP.exp
 0002:00013017       $N00161                    10081017     DttSP.exp
 0002:0001302a       $N00162                    1008102a     DttSP.exp
 0002:0001303a       $N00163                    1008103a     DttSP.exp
 0002:0001304b       $N00164                    1008104b     DttSP.exp
 0002:00013062       $N00165                    10081062     DttSP.exp
 0002:000132a0       .idata$6                   100812a0     winMM:WINMM.dll
 0002:00013306       .idata$6                   10081306     libfftw3f-3:libfftw3f-3.dll
 0002:00013348       .idata$6                   10081348     pthreadVC:pthreadVC.dll
 0002:000134fc       .idata$6                   100814fc     kernel32:KERNEL32.dll
 0003:00000024       _EQ_Num_48000              10082024     graphiceq.obj
 0003:00000030       _EQ_Den_48000              10082030     graphiceq.obj
 0003:00000038       _EQ_Num_96000              10082038     graphiceq.obj
 0003:00000044       _EQ_Den_96000              10082044     graphiceq.obj
 0003:0000004c       _EQ_Num_192000             1008204c     graphiceq.obj
 0003:00000058       _EQ_Den_192000             10082058     graphiceq.obj
 0003:00000060       _pole                      10082060     hilbert.obj
 0003:00000090       __ISOband_info             10082090     isoband.obj
 0003:00000350       _wpm                       10082350     keyd.obj
 0003:00000354       _freq                      10082354     keyd.obj
 0003:00000358       _ramp                      10082358     keyd.obj
 0003:0000035c       _mid_element               1008235c     keyd.obj
 0003:00000360       __white                    10082360     splitfields.obj
 0003:00000368       _fast_atan_table           10082368     fastrig1.obj
 0003:00000790       ?prefix@?1??getDimension@UnDecorator@@CA?AVDName@@_N@Z@4UStringLiteral@@A 10082790     libvcruntime:undname.obj
 0003:00000798       ?__vcrt_flsindex@@3KA      10082798     libvcruntime:per_thread_data.obj
 0003:000007b0       ?tzstd_program@@3PADA      100827b0     libucrt:timeset.obj
 0003:000007f0       ?tzdst_program@@3PADA      100827f0     libucrt:timeset.obj
 0003:00000830       ?w_tzstd_program@@3PA_WA   10082830     libucrt:timeset.obj
 0003:000008b0       ?w_tzdst_program@@3PA_WA   100828b0     libucrt:timeset.obj
 0003:00000930       ?tzname_states@@3PAY01PADA 10082930     libucrt:timeset.obj
 0003:00000938       ?w_tzname_states@@3PAY01PA_WA 10082938     libucrt:timeset.obj
 0003:00000940       ?dststart@@3Utransitiondate@?A0x7639d0b4@@A 10082940     libucrt:tzset.obj
 0003:0000094c       ?dstend@@3Utransitiondate@?A0x7639d0b4@@A 1008294c     libucrt:tzset.obj
 0003:00000a10       ?errno_no_memory@@3HA      10082a10     libucrt:errno.obj
 0003:00000a14       ?doserrno_no_memory@@3KA   10082a14     libucrt:errno.obj
 0003:00000a18       ?__acrt_flsindex@@3KA      10082a18     libucrt:per_thread_data.obj
 0003:00000a1c       __ctype_loc_style          10082a1c     libucrt:wsetlocale.obj
 0003:00000c20       ?__DAZ_ENABLED@?1??__set_fpsr_sse2@@9@9 10082c20     libucrt:fpctrl.obj
 0003:00000e48       __mbctypes                 10082e48     libucrt:mbctype.obj
 0003:00000f50       __mbcasemaps               10082f50     libucrt:mbctype.obj
 0003:00001050       ?__rgctypeflag@@3PADA      10083050     libucrt:mbctype.obj
 0003:00001058       ?__rgcode_page_info@@3PAUcode_page_info@@A 10083058     libucrt:mbctype.obj
 0003:000011c0       ?__dcrt_lowio_console_output_handle@@3PAXA 100831c0     libucrt:initcon.obj
 0003:000012e0       ?buff@?1??fmt_tv@@9@9      100832e0     banal.obj
 0003:000013e0       __safemem_currcount        100833e0     bufvec.obj
 0003:000013ec       _EQ_Num                    100833ec     graphiceq.obj
 0003:000013f8       _EQ_Den                    100833f8     graphiceq.obj
 0003:00001409       _playing1                  10083409     keyd.obj
 0003:0000140a       _playing                   1008340a     keyd.obj
 0003:0000140b       _iambic                    1008340b     keyd.obj
 0003:0000140c       _CS_CW                     1008340c     keyd.obj
 0003:00001424       _UPDATE_OK                 10083424     keyd.obj
 0003:0000143c       _cs_cw                     1008343c     keyd.obj
 0003:00001440       _update_ok                 10083440     keyd.obj
 0003:00001444       _bug                       10083444     keyd.obj
 0003:00001445       _cw_ring_reset             10083445     keyd.obj
 0003:00001446       _auto_space_char           10083446     keyd.obj
 0003:00001448       _gain                      10083448     keyd.obj
 0003:0000144c       ?keyerState@?1??klogic@@9@9 1008344c     keyer.obj
 0003:00001450       ?last_element@?1??klogic@@9@9 10083450     keyer.obj
 0003:00001454       ?ditmem@?1??klogic@@9@9    10083454     keyer.obj
 0003:00001455       ?dahmem@?1??klogic@@9@9    10083455     keyer.obj
 0003:00001456       ?squeezeStartedAfterCurrentElementStartedPlaying@?1??klogic@@9@9 10083456     keyer.obj
 0003:00001457       ?squeezeStartedBeforeCurrentElementStartedPlaying@?1??klogic@@9@9 10083457     keyer.obj
 0003:00001458       ?squeezeReleasedBeforeMidpointAndModeBStrict@?1??klogic@@9@9 10083458     keyer.obj
 0003:00001459       ?afterflagdebug@?1??klogic@@9@9 10083459     keyer.obj
 0003:00001460       ?keystate@?1??read_straight_key@@9@9 10083460     keyerio.obj
 0003:00001464       ?debounce_buf_i@?1??read_straight_key@@9@9 10083464     keyerio.obj
 0003:00001468       ?debounce_buf@?1??read_straight_key@@9@9 10083468     keyerio.obj
 0003:000014e0       ?dah_debounce_buf@?1??read_iambic_key@@9@9 100834e0     keyerio.obj
 0003:00001500       ?dit_debounce_buf@?1??read_iambic_key@@9@9 10083500     keyerio.obj
 0003:00001520       ?dah@?1??read_iambic_key@@9@9 10083520     keyerio.obj
 0003:00001524       ?debounce_buf_i@?1??read_iambic_key@@9@9 10083524     keyerio.obj
 0003:00001528       ?dit@?1??read_iambic_key@@9@9 10083528     keyerio.obj
 0003:00001534       _mic_avg                   10083534     sdr.obj
 0003:00001538       _mic_pk                    10083538     sdr.obj
 0003:0000153c       _alc_avg                   1008353c     sdr.obj
 0003:00001540       _alc_pk                    10083540     sdr.obj
 0003:00001544       _lev_avg                   10083544     sdr.obj
 0003:00001548       _lev_pk                    10083548     sdr.obj
 0003:0000154c       _eq_avg                    1008354c     sdr.obj
 0003:00001550       _eq_pk                     10083550     sdr.obj
 0003:00001554       _comp_avg                  10083554     sdr.obj
 0003:00001558       _comp_pk                   10083558     sdr.obj
 0003:0000155c       _cpdr_avg                  1008355c     sdr.obj
 0003:00001560       _cpdr_pk                   10083560     sdr.obj
 0003:00001564       _TABLE_FACTOR              10083564     fastrig1.obj
 0003:00001568       _sinT                      10083568     fastrig1.obj
 0003:0000156c       _cosT                      1008356c     fastrig1.obj
 0003:00001570       ?__proc_attached@@3HA      10083570     LIBCMT:dll_dllmain.obj
 0003:00001578       _GS_ExceptionRecord        10083578     LIBCMT:gs_report.obj
 0003:000015c8       _GS_ContextRecord          100835c8     LIBCMT:gs_report.obj
 0003:000018c0       ?is_initialized_as_dll@@3_NA 100838c0     LIBCMT:utility.obj
 0003:000018c1       ?module_local_atexit_table_initialized@@3_NA 100838c1     LIBCMT:utility.obj
 0003:000018c4       ?module_local_atexit_table@@3U_onexit_table_t@@A 100838c4     LIBCMT:utility.obj
 0003:000018d0       ?module_local_at_quick_exit_table@@3U_onexit_table_t@@A 100838d0     LIBCMT:utility.obj
 0003:00001910       ?heap@@3V_HeapManager@@A   10083910     libvcruntime:undname.obj
 0003:00001924       ?__vcrt_startup_thread_ptd@@3U__vcrt_ptd@@A 10083924     libvcruntime:per_thread_data.obj
 0003:0000194c       ___vcrt_lock_table         1008394c     libvcruntime:locks.obj
 0003:00001964       ___vcrt_locks_initialized  10083964     libvcruntime:locks.obj
 0003:00001968       ?module_handles@@3PAPAUHINSTANCE__@@A 10083968     libvcruntime:winapi_downlevel.obj
 0003:00001974       ?function_pointers@@3PAPAXA 10083974     libvcruntime:winapi_downlevel.obj
 0003:00001998       ?_tzname@@3V?$dual_state_global@PAPAD@__crt_state_management@@A 10083998     libucrt:timeset.obj
 0003:0000199c       ?w_tzname@@3V?$dual_state_global@PAPA_W@__crt_state_management@@A 1008399c     libucrt:timeset.obj
 0003:000019a0       ?last_wide_tz@@3PA_WA      100839a0     libucrt:tzset.obj
 0003:000019a8       ?tz_api_used@@3HA          100839a8     libucrt:tzset.obj
 0003:000019ac       ?tzset_init_state@@3V?$dual_state_global@J@__crt_state_management@@A 100839ac     libucrt:tzset.obj
 0003:000019b0       ?tz_info@@3U_TIME_ZONE_INFORMATION@@A 100839b0     libucrt:tzset.obj
 0003:00001a5c       ?c_termination_complete@@3JA 10083a5c     libucrt:exit.obj
 0003:00001a60       ?thread_local_exit_callback_func@@3P6GXPAXK0@ZA 10083a60     libucrt:exit.obj
 0003:00001a78       ?program_name@?1???$common_configure_argv@D@@YAHW4_crt_argv_mode@@@Z@4PADA 10083a78     libucrt:argv_parsing.obj
 0003:00001b80       ?program_name@?1???$common_configure_argv@_W@@YAHW4_crt_argv_mode@@@Z@4PA_WA 10083b80     libucrt:argv_parsing.obj
 0003:00001db4       __pmatherr_set             10083db4     libucrt:libm_error.obj
 0003:00001db8       ?__acrt_invalid_parameter_handler@@3V?$dual_state_global@P6AXPB_W00II@Z@__crt_state_management@@A 10083db8     libucrt:invalid_parameter.obj
 0003:00001dc0       ?module_handles@@3PAPAUHINSTANCE__@@A 10083dc0     libucrt:winapi_thunks.obj
 0003:00001e10       ?encoded_function_pointers@@3PAPAXA 10083e10     libucrt:winapi_thunks.obj
 0003:00001e98       ?static_enum_proc@?1??enum_system_locales_ex_nolock@@YAHQ6GHPA_WKJ@Z@Z@4P6GH0KJ@ZA 10083e98     libucrt:winapi_thunks.obj
 0003:000020b0       ?__acrt_lock_table@@3PAU_RTL_CRITICAL_SECTION@@A 100840b0     libucrt:locks.obj
 0003:00002200       ?__acrt_locks_initialized@@3IA 10084200     libucrt:locks.obj
 0003:00002204       ?state_cache@?1???$get_cached_win_policy@Ubegin_thread_init_policy_properties@?1??__acrt_get_begin_thread_init_policy@@YA?AW4begin_thread_init_policy@@XZ@@@YA?AW4begin_thread_init_policy@@W4AppPolicyThreadInitializationType@@@Z@4JA 10084204     libucrt:win_policies.obj
 0003:00002208       ?state_cache@?1???$get_cached_win_policy@Udeveloper_information_policy_properties@?1??__acrt_get_developer_information_policy@@YA?AW4developer_information_policy@@XZ@@@YA?AW4developer_information_policy@@W4AppPolicyShowDeveloperDiagnostic@@@Z@4JA 10084208     libucrt:win_policies.obj
 0003:0000220c       ?state_cache@?1???$get_cached_win_policy@Uwindowing_model_policy_properties@?1??__acrt_get_windowing_model_policy@@YA?AW4windowing_model_policy@@XZ@@@YA?AW4windowing_model_policy@@W4AppPolicyWindowingModel@@@Z@4JA 1008420c     libucrt:win_policies.obj
 0003:00002210       ?internal_state@?1??_mbtowc_internal@@9@4U_Mbstatet@@A 10084210     libucrt:mbtowc.obj
 0003:00002218       ?enable_percent_n@@3IA     10084218     libucrt:printf_count_output.obj
 0003:00002224       ?user_matherr@@3V?$dual_state_global@P6AHPAU_exception@@@Z@__crt_state_management@@A 10084224     libucrt:matherr.obj
 0003:00002234       ?fSystemSet@@3HA           10084234     libucrt:mbctype.obj
 0003:00002238       ?initialized@?1??__acrt_initialize_multibyte@@9@4_NA 10084238     libucrt:mbctype.obj
 0003:0000225c       ?__acrt_new_handler@@3V?$dual_state_global@P6AHI@Z@__crt_state_management@@A 1008425c     libucrt:new_handler.obj
 0003:00002260       ?console_ctrl_handler_installed@@3_NA 10084260     libucrt:signal.obj
 0003:00002264       ?ctrlc_action@@3V?$dual_state_global@P6AXH@Z@__crt_state_management@@A 10084264     libucrt:signal.obj
 0003:00002268       ?ctrlbreak_action@@3V?$dual_state_global@P6AXH@Z@__crt_state_management@@A 10084268     libucrt:signal.obj
 0003:0000226c       ?abort_action@@3V?$dual_state_global@P6AXH@Z@__crt_state_management@@A 1008426c     libucrt:signal.obj
 0003:00002270       ?term_action@@3V?$dual_state_global@P6AXH@Z@__crt_state_management@@A 10084270     libucrt:signal.obj
 0003:00002274       ?mbst@?1??mbrlen@@9@4U_Mbstatet@@A 10084274     libucrt:mbrtowc.obj
 0003:0000227c       ?mbst@?1??mbrtowc@@9@4U_Mbstatet@@A 1008427c     libucrt:mbrtowc.obj
 0003:00002284       ?mbst@?1??_mbsrtowcs_helper@@YAIPA_WPAPBDIPAU_Mbstatet@@AAV__crt_cached_ptd_host@@@Z@4U2@A 10084284     libucrt:mbrtowc.obj
 0003:00002290       ?__acrt_global_new_mode@@3V?$dual_state_global@J@__crt_state_management@@A 10084290     libucrt:new_mode.obj
 0003:00002294       ?__acrt_app_type@@3W4_crt_app_type@@A 10084294     libucrt:report_runtime_error.obj
 0003:00002298       ?outmsg@?9??__acrt_report_runtime_error@@9@4PA_WA 10084298     libucrt:report_runtime_error.obj
 0003:000028cc       ?internal_pst@?1??__mbrtoc32_utf8@__crt_mbstring@@YAIPA_UPBDIPAU_Mbstatet@@AAV__crt_cached_ptd_host@@@Z@4U3@A 100848cc     libucrt:mbrtoc32.obj
 0003:000028d4       ___acrt_error_mode         100848d4     libucrt:set_error_mode.obj
 0004:000000a0       $R000000                   100c30a0     DttSP.res
 0004:000003b8       $R000318                   100c33b8     DttSP.res
